Archive member included to satisfy reference by file (symbol)

app/libapp.a(main.c.obj)      (--whole-archive)
zephyr/libzephyr.a(heap.c.obj)
                              (--whole-archive)
zephyr/libzephyr.a(cbprintf_packaged.c.obj)
                              (--whole-archive)
zephyr/libzephyr.a(printk.c.obj)
                              (--whole-archive)
zephyr/libzephyr.a(sem.c.obj)
                              (--whole-archive)
zephyr/libzephyr.a(thread_entry.c.obj)
                              (--whole-archive)
zephyr/libzephyr.a(cbprintf_complete.c.obj)
                              (--whole-archive)
zephyr/libzephyr.a(assert.c.obj)
                              (--whole-archive)
zephyr/libzephyr.a(mpsc_pbuf.c.obj)
                              (--whole-archive)
zephyr/libzephyr.a(dec.c.obj)
                              (--whole-archive)
zephyr/libzephyr.a(hex.c.obj)
                              (--whole-archive)
zephyr/libzephyr.a(rb.c.obj)  (--whole-archive)
zephyr/libzephyr.a(timeutil.c.obj)
                              (--whole-archive)
zephyr/libzephyr.a(bitarray.c.obj)
                              (--whole-archive)
zephyr/libzephyr.a(onoff.c.obj)
                              (--whole-archive)
zephyr/libzephyr.a(notify.c.obj)
                              (--whole-archive)
zephyr/libzephyr.a(last_section_id.c.obj)
                              (--whole-archive)
zephyr/libzephyr.a(configs.c.obj)
                              (--whole-archive)
zephyr/libzephyr.a(log_core.c.obj)
                              (--whole-archive)
zephyr/libzephyr.a(log_mgmt.c.obj)
                              (--whole-archive)
zephyr/libzephyr.a(log_cache.c.obj)
                              (--whole-archive)
zephyr/libzephyr.a(log_msg.c.obj)
                              (--whole-archive)
zephyr/libzephyr.a(log_output.c.obj)
                              (--whole-archive)
zephyr/libzephyr.a(log_backend_rtt.c.obj)
                              (--whole-archive)
zephyr/libzephyr.a(log_backend_uart.c.obj)
                              (--whole-archive)
zephyr/libzephyr.a(mem_attr.c.obj)
                              (--whole-archive)
zephyr/libzephyr.a(tracing_none.c.obj)
                              (--whole-archive)
zephyr/libzephyr.a(banner.c.obj)
                              (--whole-archive)
zephyr/libzephyr.a(flash_map_partition_manager.c.obj)
                              (--whole-archive)
zephyr/libzephyr.a(nrf_cc3xx_platform_abort_zephyr.c.obj)
                              (--whole-archive)
zephyr/libzephyr.a(nrf_cc3xx_platform_mutex_zephyr.c.obj)
                              (--whole-archive)
zephyr/arch/common/libarch__common.a(sw_isr_common.c.obj)
                              (--whole-archive)
zephyr/arch/arch/arm/core/libarch__arm__core.a(fatal.c.obj)
                              (--whole-archive)
zephyr/arch/arch/arm/core/libarch__arm__core.a(nmi.c.obj)
                              (--whole-archive)
zephyr/arch/arch/arm/core/libarch__arm__core.a(nmi_on_reset.S.obj)
                              (--whole-archive)
zephyr/arch/arch/arm/core/libarch__arm__core.a(tls.c.obj)
                              (--whole-archive)
zephyr/arch/arch/arm/core/cortex_m/libarch__arm__core__cortex_m.a(exc_exit.c.obj)
                              (--whole-archive)
zephyr/arch/arch/arm/core/cortex_m/libarch__arm__core__cortex_m.a(fault.c.obj)
                              (--whole-archive)
zephyr/arch/arch/arm/core/cortex_m/libarch__arm__core__cortex_m.a(fault_s.S.obj)
                              (--whole-archive)
zephyr/arch/arch/arm/core/cortex_m/libarch__arm__core__cortex_m.a(fpu.c.obj)
                              (--whole-archive)
zephyr/arch/arch/arm/core/cortex_m/libarch__arm__core__cortex_m.a(reset.S.obj)
                              (--whole-archive)
zephyr/arch/arch/arm/core/cortex_m/libarch__arm__core__cortex_m.a(scb.c.obj)
                              (--whole-archive)
zephyr/arch/arch/arm/core/cortex_m/libarch__arm__core__cortex_m.a(thread_abort.c.obj)
                              (--whole-archive)
zephyr/arch/arch/arm/core/cortex_m/libarch__arm__core__cortex_m.a(vector_table.S.obj)
                              (--whole-archive)
zephyr/arch/arch/arm/core/cortex_m/libarch__arm__core__cortex_m.a(swap_helper.S.obj)
                              (--whole-archive)
zephyr/arch/arch/arm/core/cortex_m/libarch__arm__core__cortex_m.a(irq_manage.c.obj)
                              (--whole-archive)
zephyr/arch/arch/arm/core/cortex_m/libarch__arm__core__cortex_m.a(prep_c.c.obj)
                              (--whole-archive)
zephyr/arch/arch/arm/core/cortex_m/libarch__arm__core__cortex_m.a(thread.c.obj)
                              (--whole-archive)
zephyr/arch/arch/arm/core/cortex_m/libarch__arm__core__cortex_m.a(cpu_idle.c.obj)
                              (--whole-archive)
zephyr/arch/arch/arm/core/cortex_m/libarch__arm__core__cortex_m.a(irq_init.c.obj)
[...]
Memory Configuration

Name             Origin             Length             Attributes
FLASH            0x0000000000000000 0x0000000000100000 xr
RAM              0x0000000020000000 0x0000000000040000 xw
IDT_LIST         0x00000000ffff7fff 0x0000000000008000 xw
*default*        0x0000000000000000 0xffffffffffffffff

Linker script and memory map

                0x000000000000781c                vfprintf = __l_vfprintf
                0x0000000000000000                vfscanf = __l_vfscanf
LOAD zephyr/CMakeFiles/zephyr_final.dir/misc/empty_file.c.obj
LOAD zephyr/CMakeFiles/zephyr_final.dir/isr_tables.c.obj
LOAD zephyr/CMakeFiles/offsets.dir/./arch/arm/core/offsets/offsets.c.obj
LOAD app/libapp.a
LOAD zephyr/libzephyr.a
LOAD zephyr/arch/common/libarch__common.a
LOAD zephyr/arch/arch/arm/core/libarch__arm__core.a
LOAD zephyr/arch/arch/arm/core/cortex_m/libarch__arm__core__cortex_m.a
LOAD zephyr/arch/arch/arm/core/mpu/libarch__arm__core__mpu.a
LOAD zephyr/lib/libc/picolibc/liblib__libc__picolibc.a
LOAD zephyr/lib/libc/common/liblib__libc__common.a
LOAD zephyr/soc/soc/nrf52840/libsoc__nordic.a
LOAD zephyr/drivers/clock_control/libdrivers__clock_control.a
LOAD zephyr/drivers/console/libdrivers__console.a
LOAD zephyr/drivers/gpio/libdrivers__gpio.a
LOAD zephyr/drivers/pinctrl/libdrivers__pinctrl.a
LOAD zephyr/drivers/serial/libdrivers__serial.a
LOAD zephyr/drivers/spi/libdrivers__spi.a
LOAD zephyr/drivers/timer/libdrivers__timer.a
LOAD modules/nrf/drivers/hw_cc3xx/lib..__nrf__drivers__hw_cc3xx.a
LOAD modules/hal_nordic/modules/hal_nordic/nrfx/libmodules__hal_nordic__nrfx.a
LOAD modules/segger/libmodules__segger.a
LOAD modules/zephyr-st25r/lib..__..__..__ncs-inter__l7__l7_e1_sol__app__modules__zephyr__zephyr-st25r__zephyr.a
LOAD modules/zephyr-st25r/st/rfal/lib..__..__..__ncs-inter__l7__l7_e1_sol__app__modules__zephyr__zephyr-st25r__zephyr__st__rfal.a
LOAD modules/zephyr-st25r/st/st25r3916/lib..__..__..__ncs-inter__l7__l7_e1_sol__app__modules__zephyr__zephyr-st25r__zephyr__st__st25r3916.a
LOAD zephyr/kernel/libkernel.a
LOAD zephyr/arch/common/libisr_tables.a
LOAD C:/ncs/v3.0.0/nrfxlib/crypto/nrf_cc310_platform/lib/cortex-m4/soft-float/no-interrupts/libnrf_cc310_platform_0.9.19.a
LOAD c:\ncs\toolchains\0b393f9e1b\opt\zephyr-sdk\arm-zephyr-eabi\bin\../lib/gcc/../../picolibc/arm-zephyr-eabi/lib/thumb/v7e-m/nofp\libc.a
LOAD c:/ncs/toolchains/0b393f9e1b/opt/zephyr-sdk/arm-zephyr-eabi/bin/../lib/gcc/arm-zephyr-eabi/12.2.0/thumb/v7e-m/nofp\libgcc.a
                0x0000000000000020                _region_min_align = 0x20

.rel.plt        0x0000000000000000        0x0
 *(SORT_BY_ALIGNMENT(.rel.plt))
                [!provide]                        PROVIDE (__rel_iplt_start = .)
 *(SORT_BY_ALIGNMENT(.rel.iplt))
 .rel.iplt      0x0000000000000000        0x0 zephyr/CMakeFiles/zephyr_final.dir/isr_tables.c.obj
                [!provide]                        PROVIDE (__rel_iplt_end = .)

.rela.plt       0x0000000000000000        0x0
 *(SORT_BY_ALIGNMENT(.rela.plt))
                [!provide]                        PROVIDE (__rela_iplt_start = .)
 *(SORT_BY_ALIGNMENT(.rela.iplt))
                [!provide]                        PROVIDE (__rela_iplt_end = .)

.rel.dyn
 *(SORT_BY_ALIGNMENT(.rel.*))

.rela.dyn
 *(SORT_BY_ALIGNMENT(.rela.*))

/DISCARD/
 *(SORT_BY_ALIGNMENT(.plt))

/DISCARD/
 *(SORT_BY_ALIGNMENT(.iplt))
                0x0000000000000000                __rom_region_start = 0x0

rom_start       0x0000000000000000      0x100
                0x0000000000000000                __rom_start_address = .
 FILL mask 0x00
                0x0000000000000000                . = (. + (0x0 - (. - __rom_start_address)))
                0x0000000000000000                . = ALIGN (0x4)
                0x0000000000000000                . = ALIGN (0x80)
                0x0000000000000000                . = ALIGN (0x100)
                0x0000000000000000                _vector_start = .
 *(SORT_BY_ALIGNMENT(.exc_vector_table))
 *(SORT_BY_ALIGNMENT(.exc_vector_table.*))
 .exc_vector_table._vector_table_section
                0x0000000000000000       0x40 zephyr/arch/arch/arm/core/cortex_m/libarch__arm__core__cortex_m.a(vector_table.S.obj)
                0x0000000000000000                _vector_table
 *(SORT_BY_ALIGNMENT(.vectors))
                0x0000000000000100                _vector_end = .
                0x0000000000000040                . = ALIGN (0x4)
 *(SORT_BY_ALIGNMENT(.gnu.linkonce.irq_vector_table*))
 .gnu.linkonce.irq_vector_table
                0x0000000000000040       0xc0 zephyr/CMakeFiles/zephyr_final.dir/isr_tables.c.obj
                0x0000000000000040                _irq_vector_table
                0x0000000000000100                _vector_end = .

text            0x0000000000000100     0x961c
                0x0000000000000100                __text_region_start = .
 *(SORT_BY_ALIGNMENT(.text))
 .text          0x0000000000000100       0x30 c:/ncs/toolchains/0b393f9e1b/opt/zephyr-sdk/arm-zephyr-eabi/bin/../lib/gcc/arm-zephyr-eabi/12.2.0/thumb/v7e-m/nofp\libgcc.a(_aeabi_uldivmod.o)
                0x0000000000000100                __aeabi_uldivmod
 .text          0x0000000000000130        0x4 c:/ncs/toolchains/0b393f9e1b/opt/zephyr-sdk/arm-zephyr-eabi/bin/../lib/gcc/arm-zephyr-eabi/12.2.0/thumb/v7e-m/nofp\libgcc.a(_dvmd_tls.o)
                0x0000000000000130                __aeabi_idiv0
                0x0000000000000130                __aeabi_ldiv0
 .text          0x0000000000000134       0x10 c:\ncs\toolchains\0b393f9e1b\opt\zephyr-sdk\arm-zephyr-eabi\bin\../lib/gcc/../../picolibc/arm-zephyr-eabi/lib/thumb/v7e-m/nofp\libc.a(strlen.S.o)
                0x0000000000000134                strlen
 .text          0x0000000000000144      0x2a0 c:/ncs/toolchains/0b393f9e1b/opt/zephyr-sdk/arm-zephyr-eabi/bin/../lib/gcc/arm-zephyr-eabi/12.2.0/thumb/v7e-m/nofp\libgcc.a(_udivmoddi4.o)
                0x0000000000000144                __udivmoddi4
 *(SORT_BY_ALIGNMENT(.text.*))
 .text.main     0x00000000000003e4       0x20 app/libapp.a(main.c.obj)
                0x00000000000003e4                main
 .text.cbvprintf_package
                0x0000000000000404      0x3a4 zephyr/libzephyr.a(cbprintf_packaged.c.obj)
                0x0000000000000404                cbvprintf_package
 .text.cbprintf_package_convert
                0x00000000000007a8      0x3cc zephyr/libzephyr.a(cbprintf_packaged.c.obj)
                0x00000000000007a8                cbprintf_package_convert
 .text.__printk_hook_install
                0x0000000000000b74        0xc zephyr/libzephyr.a(printk.c.obj)
                0x0000000000000b74                __printk_hook_install
 .text.z_thread_entry
                0x0000000000000b80       0x34 zephyr/libzephyr.a(thread_entry.c.obj)
                0x0000000000000b80                z_thread_entry
 .text.process_event
                0x0000000000000bb4      0x21c zephyr/libzephyr.a(onoff.c.obj)
 .text.activate_foreach_backend
                0x0000000000000dd0       0x64 zephyr/libzephyr.a(log_core.c.obj)
 .text.enable_logger
                0x0000000000000e34       0x5c zephyr/libzephyr.a(log_core.c.obj)
 .text.log_process_thread_timer_expiry_fn
                0x0000000000000e90        0xc zephyr/libzephyr.a(log_core.c.obj)
 .text.z_log_init
                0x0000000000000e9c       0x90 zephyr/libzephyr.a(log_core.c.obj)
 .text.log_format_func_t_get
                0x0000000000000f2c        0xc zephyr/libzephyr.a(log_core.c.obj)
                0x0000000000000f2c                log_format_func_t_get
 .text.log_set_timestamp_func
                0x0000000000000f38       0x20 zephyr/libzephyr.a(log_core.c.obj)
                0x0000000000000f38                log_set_timestamp_func
 .text.z_log_notify_backend_enabled
                0x0000000000000f58       0x1c zephyr/libzephyr.a(log_core.c.obj)
                0x0000000000000f58                z_log_notify_backend_enabled
 .text.z_log_dropped
                0x0000000000000f74       0x44 zephyr/libzephyr.a(log_core.c.obj)
                0x0000000000000f74                z_log_dropped
 .text.z_log_dropped_read_and_clear
                0x0000000000000fb8       0x20 zephyr/libzephyr.a(log_core.c.obj)
                0x0000000000000fb8                z_log_dropped_read_and_clear
 .text.dropped_notify
                0x0000000000000fd8       0x30 zephyr/libzephyr.a(log_core.c.obj)
                0x0000000000000fd8                dropped_notify
 .text.z_log_msg_init
                0x0000000000001008       0x20 zephyr/libzephyr.a(log_core.c.obj)
                0x0000000000001008                z_log_msg_init
 .text.log_core_init
                0x0000000000001028       0x34 zephyr/libzephyr.a(log_core.c.obj)
                0x0000000000001028                log_core_init
 .text.z_log_msg_alloc
                0x000000000000105c       0x10 zephyr/libzephyr.a(log_core.c.obj)
                0x000000000000105c                z_log_msg_alloc
 .text.z_log_msg_local_claim
                0x000000000000106c        0xc zephyr/libzephyr.a(log_core.c.obj)
                0x000000000000106c                z_log_msg_local_claim
 .text.z_log_msg_free
                0x0000000000001078       0x10 zephyr/libzephyr.a(log_core.c.obj)
                0x0000000000001078                z_log_msg_free
 .text.z_log_msg_pending
                0x0000000000001088        0xc zephyr/libzephyr.a(log_core.c.obj)
                0x0000000000001088                z_log_msg_pending
 .text.z_impl_log_process
                0x0000000000001094       0xbc zephyr/libzephyr.a(log_core.c.obj)
                0x0000000000001094                z_impl_log_process
 .text.z_impl_log_panic
                0x0000000000001150       0x44 zephyr/libzephyr.a(log_core.c.obj)
                0x0000000000001150                z_impl_log_panic
 .text.log_process_thread_func
                0x0000000000001194       0xa4 zephyr/libzephyr.a(log_core.c.obj)
 .text.z_log_msg_post_finalize
                0x0000000000001238       0x78 zephyr/libzephyr.a(log_core.c.obj)
 .text.z_log_msg_commit
                0x00000000000012b0       0x24 zephyr/libzephyr.a(log_core.c.obj)
                0x00000000000012b0                z_log_msg_commit
 .text.log_source_name_get
                0x00000000000012d4       0x1c zephyr/libzephyr.a(log_mgmt.c.obj)
                0x00000000000012d4                log_source_name_get
 .text.log_backend_enable
                0x00000000000012f0       0x28 zephyr/libzephyr.a(log_mgmt.c.obj)
                0x00000000000012f0                log_backend_enable
 .text.z_impl_z_log_msg_static_create
                0x0000000000001318      0x108 zephyr/libzephyr.a(log_msg.c.obj)
                0x0000000000001318                z_impl_z_log_msg_static_create
 .text.z_log_msg_runtime_vcreate
                0x0000000000001420       0xa0 zephyr/libzephyr.a(log_msg.c.obj)
                0x0000000000001420                z_log_msg_runtime_vcreate
 .text.log_msg_get_source_id
                0x00000000000014c0       0x18 zephyr/libzephyr.a(log_msg.c.obj)
                0x00000000000014c0                log_msg_get_source_id
 .text.print_formatted
                0x00000000000014d8       0x24 zephyr/libzephyr.a(log_output.c.obj)
 .text.newline_print
                0x00000000000014fc       0x1c zephyr/libzephyr.a(log_output.c.obj)
 .text.log_output_process
                0x0000000000001518      0x2d4 zephyr/libzephyr.a(log_output.c.obj)
                0x0000000000001518                log_output_process
 .text.log_output_dropped_process
                0x00000000000017ec       0x58 zephyr/libzephyr.a(log_output.c.obj)
                0x00000000000017ec                log_output_dropped_process
 .text.log_output_timestamp_freq_set
                0x0000000000001844       0x2c zephyr/libzephyr.a(log_output.c.obj)
                0x0000000000001844                log_output_timestamp_freq_set
 .text.log_backend_rtt_init
                0x0000000000001870        0xc zephyr/libzephyr.a(log_backend_rtt.c.obj)
 .text.format_set
                0x000000000000187c        0xc zephyr/libzephyr.a(log_backend_rtt.c.obj)
 .text.dropped  0x0000000000001888        0xc zephyr/libzephyr.a(log_backend_rtt.c.obj)
 .text.process  0x0000000000001894       0x24 zephyr/libzephyr.a(log_backend_rtt.c.obj)
 .text.panic    0x00000000000018b8       0x34 zephyr/libzephyr.a(log_backend_rtt.c.obj)
 .text.on_failed_write
                0x00000000000018ec       0x28 zephyr/libzephyr.a(log_backend_rtt.c.obj)
 .text.data_out_block_mode
                0x0000000000001914       0x88 zephyr/libzephyr.a(log_backend_rtt.c.obj)
 .text.char_out
                0x000000000000199c       0x24 zephyr/libzephyr.a(log_backend_uart.c.obj)
 .text.mem_attr_get_regions
                0x00000000000019c0        0xc zephyr/libzephyr.a(mem_attr.c.obj)
                0x00000000000019c0                mem_attr_get_regions
 .text.boot_banner
                0x00000000000019cc       0x1c zephyr/libzephyr.a(banner.c.obj)
                0x00000000000019cc                boot_banner
 .text.nrf_cc3xx_platform_abort_init
                0x00000000000019e8        0xc zephyr/libzephyr.a(nrf_cc3xx_platform_abort_zephyr.c.obj)
                0x00000000000019e8                nrf_cc3xx_platform_abort_init
 .text.mutex_free_platform
                0x00000000000019f4       0x54 zephyr/libzephyr.a(nrf_cc3xx_platform_mutex_zephyr.c.obj)
 .text.mutex_lock_platform
                0x0000000000001a48       0x60 zephyr/libzephyr.a(nrf_cc3xx_platform_mutex_zephyr.c.obj)
 .text.mutex_unlock_platform
                0x0000000000001aa8       0x58 zephyr/libzephyr.a(nrf_cc3xx_platform_mutex_zephyr.c.obj)
 .text.mutex_init_platform
                0x0000000000001b00       0x94 zephyr/libzephyr.a(nrf_cc3xx_platform_mutex_zephyr.c.obj)
 .text.nrf_cc3xx_platform_mutex_init
                0x0000000000001b94       0x2c zephyr/libzephyr.a(nrf_cc3xx_platform_mutex_zephyr.c.obj)
                0x0000000000001b94                nrf_cc3xx_platform_mutex_init
 .text.z_arm_fatal_error
                0x0000000000001bc0       0xb8 zephyr/arch/arch/arm/core/libarch__arm__core.a(fatal.c.obj)
                0x0000000000001bc0                z_arm_fatal_error
 .text.z_SysNmiOnReset
                0x0000000000001c78        0x8 zephyr/arch/arch/arm/core/libarch__arm__core.a(nmi_on_reset.S.obj)
                0x0000000000001c78                z_SysNmiOnReset
 .text.arch_tls_stack_setup
                0x0000000000001c80       0x40 zephyr/arch/arch/arm/core/libarch__arm__core.a(tls.c.obj)
                0x0000000000001c80                arch_tls_stack_setup
 .text._HandlerModeExit
                0x0000000000001cc0       0x28 zephyr/arch/arch/arm/core/cortex_m/libarch__arm__core__cortex_m.a(exc_exit.c.obj)
                0x0000000000001cc0                z_arm_int_exit
                0x0000000000001cc0                z_arm_exc_exit
 .text.bus_fault.constprop.0
                0x0000000000001ce8       0xd0 zephyr/arch/arch/arm/core/cortex_m/libarch__arm__core__cortex_m.a(fault.c.obj)
 .text.usage_fault.constprop.0
                0x0000000000001db8       0xa8 zephyr/arch/arch/arm/core/cortex_m/libarch__arm__core__cortex_m.a(fault.c.obj)
 .text.mem_manage_fault
                0x0000000000001e60      0x104 zephyr/arch/arch/arm/core/cortex_m/libarch__arm__core__cortex_m.a(fault.c.obj)
 .text.z_arm_fault
                0x0000000000001f64      0x1d4 zephyr/arch/arch/arm/core/cortex_m/libarch__arm__core__cortex_m.a(fault.c.obj)
                0x0000000000001f64                z_arm_fault
 .text.z_arm_fault_init
                0x0000000000002138       0x18 zephyr/arch/arch/arm/core/cortex_m/libarch__arm__core__cortex_m.a(fault.c.obj)
                0x0000000000002138                z_arm_fault_init
 .text.__fault  0x0000000000002150       0x14 zephyr/arch/arch/arm/core/cortex_m/libarch__arm__core__cortex_m.a(fault_s.S.obj)
                0x0000000000002150                z_arm_usage_fault
                0x0000000000002150                z_arm_mpu_fault
                0x0000000000002150                z_arm_exc_spurious
                0x0000000000002150                z_arm_debug_monitor
                0x0000000000002150                z_arm_hard_fault
                0x0000000000002150                z_arm_bus_fault
 .text._reset_section
                0x0000000000002164       0x54 zephyr/arch/arch/arm/core/cortex_m/libarch__arm__core__cortex_m.a(reset.S.obj)
                0x0000000000002164                __start
                0x0000000000002164                z_arm_reset
 .text.z_arm_clear_arm_mpu_config
                0x00000000000021b8       0x24 zephyr/arch/arch/arm/core/cortex_m/libarch__arm__core__cortex_m.a(scb.c.obj)
                0x00000000000021b8                z_arm_clear_arm_mpu_config
 .text.z_arm_init_arch_hw_at_boot
                0x00000000000021dc       0x64 zephyr/arch/arch/arm/core/cortex_m/libarch__arm__core__cortex_m.a(scb.c.obj)
                0x00000000000021dc                z_arm_init_arch_hw_at_boot
 .text.z_impl_k_thread_abort
                0x0000000000002240       0x2c zephyr/arch/arch/arm/core/cortex_m/libarch__arm__core__cortex_m.a(thread_abort.c.obj)
                0x0000000000002240                z_impl_k_thread_abort
 .text.z_arm_pendsv
                0x000000000000226c       0x64 zephyr/arch/arch/arm/core/cortex_m/libarch__arm__core__cortex_m.a(swap_helper.S.obj)
                0x000000000000226c                z_arm_pendsv
 .text.z_arm_svc
                0x00000000000022d0       0x24 zephyr/arch/arch/arm/core/cortex_m/libarch__arm__core__cortex_m.a(swap_helper.S.obj)
                0x00000000000022d0                z_arm_svc
 .text.arch_irq_enable
                0x00000000000022f4       0x1c zephyr/arch/arch/arm/core/cortex_m/libarch__arm__core__cortex_m.a(irq_manage.c.obj)
                0x00000000000022f4                arch_irq_enable
 .text.arch_irq_disable
                0x0000000000002310       0x28 zephyr/arch/arch/arm/core/cortex_m/libarch__arm__core__cortex_m.a(irq_manage.c.obj)
                0x0000000000002310                arch_irq_disable
 .text.arch_irq_is_enabled
                0x0000000000002338       0x1c zephyr/arch/arch/arm/core/cortex_m/libarch__arm__core__cortex_m.a(irq_manage.c.obj)
                0x0000000000002338                arch_irq_is_enabled
 .text.z_arm_irq_priority_set
                0x0000000000002354       0x30 zephyr/arch/arch/arm/core/cortex_m/libarch__arm__core__cortex_m.a(irq_manage.c.obj)
                0x0000000000002354                z_arm_irq_priority_set
 .text.z_prep_c
                0x0000000000002384       0x38 zephyr/arch/arch/arm/core/cortex_m/libarch__arm__core__cortex_m.a(prep_c.c.obj)
                0x0000000000002384                z_prep_c
 .text.arch_new_thread
                0x00000000000023bc       0x38 zephyr/arch/arch/arm/core/cortex_m/libarch__arm__core__cortex_m.a(thread.c.obj)
                0x00000000000023bc                arch_new_thread
 .text.z_check_thread_stack_fail
                0x00000000000023f4       0x2c zephyr/arch/arch/arm/core/cortex_m/libarch__arm__core__cortex_m.a(thread.c.obj)
                0x00000000000023f4                z_check_thread_stack_fail
 .text.arch_switch_to_main_thread
                0x0000000000002420       0x3c zephyr/arch/arch/arm/core/cortex_m/libarch__arm__core__cortex_m.a(thread.c.obj)
                0x0000000000002420                arch_switch_to_main_thread
 .text.z_arm_cpu_idle_init
                0x000000000000245c        0xc zephyr/arch/arch/arm/core/cortex_m/libarch__arm__core__cortex_m.a(cpu_idle.c.obj)
                0x000000000000245c                z_arm_cpu_idle_init
 .text.z_arm_interrupt_init
                0x0000000000002468       0x18 zephyr/arch/arch/arm/core/cortex_m/libarch__arm__core__cortex_m.a(irq_init.c.obj)
                0x0000000000002468                z_arm_interrupt_init
 .text._isr_wrapper
                0x0000000000002480       0x24 zephyr/arch/arch/arm/core/cortex_m/libarch__arm__core__cortex_m.a(isr_wrapper.c.obj)
                0x0000000000002480                _isr_wrapper
 .text.z_arm_configure_static_mpu_regions
                0x00000000000024a4       0x18 zephyr/arch/arch/arm/core/mpu/libarch__arm__core__mpu.a(arm_core_mpu.c.obj)
                0x00000000000024a4                z_arm_configure_static_mpu_regions
 .text.z_arm_configure_dynamic_mpu_regions
                0x00000000000024bc       0x20 zephyr/arch/arch/arm/core/mpu/libarch__arm__core__mpu.a(arm_core_mpu.c.obj)
                0x00000000000024bc                z_arm_configure_dynamic_mpu_regions
 .text.region_allocate_and_init
                0x00000000000024dc       0x54 zephyr/arch/arch/arm/core/mpu/libarch__arm__core__mpu.a(arm_mpu.c.obj)
 .text.mpu_configure_regions
                0x0000000000002530       0x68 zephyr/arch/arch/arm/core/mpu/libarch__arm__core__mpu.a(arm_mpu.c.obj)
 .text.arm_core_mpu_enable
                0x0000000000002598       0x18 zephyr/arch/arch/arm/core/mpu/libarch__arm__core__mpu.a(arm_mpu.c.obj)
                0x0000000000002598                arm_core_mpu_enable
 .text.arm_core_mpu_disable
                0x00000000000025b0       0x14 zephyr/arch/arch/arm/core/mpu/libarch__arm__core__mpu.a(arm_mpu.c.obj)
                0x00000000000025b0                arm_core_mpu_disable
 .text.arm_core_mpu_configure_static_mpu_regions
                0x00000000000025c4       0x14 zephyr/arch/arch/arm/core/mpu/libarch__arm__core__mpu.a(arm_mpu.c.obj)
                0x00000000000025c4                arm_core_mpu_configure_static_mpu_regions
 .text.arm_core_mpu_configure_dynamic_mpu_regions
                0x00000000000025d8       0x38 zephyr/arch/arch/arm/core/mpu/libarch__arm__core__mpu.a(arm_mpu.c.obj)
                0x00000000000025d8                arm_core_mpu_configure_dynamic_mpu_regions
 .text.z_arm_mpu_init
                0x0000000000002610      0x17c zephyr/arch/arch/arm/core/mpu/libarch__arm__core__mpu.a(arm_mpu.c.obj)
                0x0000000000002610                z_arm_mpu_init
 .text.cbvprintf
                0x000000000000278c       0x38 zephyr/lib/libc/picolibc/liblib__libc__picolibc.a(cbprintf.c.obj)
                0x000000000000278c                cbvprintf
 .text.z_impl_zephyr_fputc
                0x00000000000027c4       0x10 zephyr/lib/libc/picolibc/liblib__libc__picolibc.a(stdio.c.obj)
                0x00000000000027c4                z_impl_zephyr_fputc
 .text.__stdout_hook_install
                0x00000000000027d4       0x18 zephyr/lib/libc/picolibc/liblib__libc__picolibc.a(stdio.c.obj)
                0x00000000000027d4                __stdout_hook_install
 .text.malloc_prepare
                0x00000000000027ec       0x24 zephyr/lib/libc/common/liblib__libc__common.a(malloc.c.obj)
 .text.nordicsemi_nrf52_init
                0x0000000000002810       0x44 zephyr/soc/soc/nrf52840/libsoc__nordic.a(soc.c.obj)
 .text.arch_busy_wait
                0x0000000000002854       0x14 zephyr/soc/soc/nrf52840/libsoc__nordic.a(soc.c.obj)
                0x0000000000002854                arch_busy_wait
 .text.onoff_stop
                0x0000000000002868       0x30 zephyr/drivers/clock_control/libdrivers__clock_control.a(clock_control_nrf.c.obj)
 .text.onoff_start
                0x0000000000002898       0x44 zephyr/drivers/clock_control/libdrivers__clock_control.a(clock_control_nrf.c.obj)
 .text.generic_hfclk_stop
                0x00000000000028dc       0x34 zephyr/drivers/clock_control/libdrivers__clock_control.a(clock_control_nrf.c.obj)
 .text.clk_init
                0x0000000000002910       0x58 zephyr/drivers/clock_control/libdrivers__clock_control.a(clock_control_nrf.c.obj)
 .text.api_blocking_start
                0x0000000000002968       0x34 zephyr/drivers/clock_control/libdrivers__clock_control.a(clock_control_nrf.c.obj)
 .text.clkstarted_handle.constprop.0
                0x000000000000299c       0x4c zephyr/drivers/clock_control/libdrivers__clock_control.a(clock_control_nrf.c.obj)
 .text.generic_hfclk_start
                0x00000000000029e8       0x78 zephyr/drivers/clock_control/libdrivers__clock_control.a(clock_control_nrf.c.obj)
 .text.clock_event_handler
                0x0000000000002a60       0x1c zephyr/drivers/clock_control/libdrivers__clock_control.a(clock_control_nrf.c.obj)
 .text.z_nrf_clock_control_lf_on
                0x0000000000002a7c       0xfc zephyr/drivers/clock_control/libdrivers__clock_control.a(clock_control_nrf.c.obj)
                0x0000000000002a7c                z_nrf_clock_control_lf_on
 .text.uart_console_init
                0x0000000000002b78       0x28 zephyr/drivers/console/libdrivers__console.a(uart_console.c.obj)
 .text.console_out
                0x0000000000002ba0       0x28 zephyr/drivers/console/libdrivers__console.a(uart_console.c.obj)
 .text.gpio_nrfx_pin_interrupt_configure
                0x0000000000002bc8      0x100 zephyr/drivers/gpio/libdrivers__gpio.a(gpio_nrfx.c.obj)
 .text.gpio_nrfx_init
                0x0000000000002cc8       0x48 zephyr/drivers/gpio/libdrivers__gpio.a(gpio_nrfx.c.obj)
 .text.nrfx_gpio_handler
                0x0000000000002d10       0x4c zephyr/drivers/gpio/libdrivers__gpio.a(gpio_nrfx.c.obj)
 .text.gpio_nrfx_pin_configure
                0x0000000000002d5c      0x18c zephyr/drivers/gpio/libdrivers__gpio.a(gpio_nrfx.c.obj)
 .text.nrf_gpio_pin_port_decode
                0x0000000000002ee8       0x20 zephyr/drivers/pinctrl/libdrivers__pinctrl.a(pinctrl_nrf.c.obj)
 .text.pinctrl_configure_pins
                0x0000000000002f08      0x1a4 zephyr/drivers/pinctrl/libdrivers__pinctrl.a(pinctrl_nrf.c.obj)
                0x0000000000002f08                pinctrl_configure_pins
 .text.uarte_nrfx_poll_out
                0x00000000000030ac       0xb4 zephyr/drivers/serial/libdrivers__serial.a(uart_nrfx_uarte.c.obj)
 .text.uarte_0_init
                0x0000000000003160      0x11c zephyr/drivers/serial/libdrivers__serial.a(uart_nrfx_uarte.c.obj)
 .text.spi_nrfx_init
                0x000000000000327c      0x120 zephyr/drivers/spi/libdrivers__spi.a(spi_nrfx_spi.c.obj)
 .text.transfer_next_chunk
                0x000000000000339c       0x70 zephyr/drivers/spi/libdrivers__spi.a(spi_nrfx_spi.c.obj)
 .text.event_handler
                0x000000000000340c       0xc0 zephyr/drivers/spi/libdrivers__spi.a(spi_nrfx_spi.c.obj)
 .text.spi_nrfx_transceive
                0x00000000000034cc      0x3f4 zephyr/drivers/spi/libdrivers__spi.a(spi_nrfx_spi.c.obj)
 .text.nrf_gpio_cfg_input
                0x00000000000038c0       0x40 zephyr/drivers/spi/libdrivers__spi.a(spi_nrfx_common.c.obj)
 .text.spi_nrfx_wake_init
                0x0000000000003900       0x60 zephyr/drivers/spi/libdrivers__spi.a(spi_nrfx_common.c.obj)
                0x0000000000003900                spi_nrfx_wake_init
 .text.spi_nrfx_init
                0x0000000000003960      0x110 zephyr/drivers/spi/libdrivers__spi.a(spi_nrfx_spim.c.obj)
 .text.transfer_next_chunk
                0x0000000000003a70       0xd0 zephyr/drivers/spi/libdrivers__spi.a(spi_nrfx_spim.c.obj)
 .text.event_handler
                0x0000000000003b40       0xd4 zephyr/drivers/spi/libdrivers__spi.a(spi_nrfx_spim.c.obj)
 .text.spi_nrfx_transceive
                0x0000000000003c14      0x3e8 zephyr/drivers/spi/libdrivers__spi.a(spi_nrfx_spim.c.obj)
 .text.compare_int_lock
                0x0000000000003ffc       0x48 zephyr/drivers/timer/libdrivers__timer.a(nrf_rtc_timer.c.obj)
 .text.sys_clock_timeout_handler
                0x0000000000004044       0x48 zephyr/drivers/timer/libdrivers__timer.a(nrf_rtc_timer.c.obj)
 .text.compare_int_unlock
                0x000000000000408c       0x5c zephyr/drivers/timer/libdrivers__timer.a(nrf_rtc_timer.c.obj)
 .text.z_nrf_rtc_timer_read
                0x00000000000040e8       0x44 zephyr/drivers/timer/libdrivers__timer.a(nrf_rtc_timer.c.obj)
                0x00000000000040e8                z_nrf_rtc_timer_read
 .text.compare_set
                0x000000000000412c      0x130 zephyr/drivers/timer/libdrivers__timer.a(nrf_rtc_timer.c.obj)
 .text.sys_clock_driver_init
                0x000000000000425c       0x90 zephyr/drivers/timer/libdrivers__timer.a(nrf_rtc_timer.c.obj)
 .text.rtc_nrf_isr
                0x00000000000042ec       0xd4 zephyr/drivers/timer/libdrivers__timer.a(nrf_rtc_timer.c.obj)
                0x00000000000042ec                rtc_nrf_isr
 .text.sys_clock_set_timeout
                0x00000000000043c0       0x5c zephyr/drivers/timer/libdrivers__timer.a(nrf_rtc_timer.c.obj)
                0x00000000000043c0                sys_clock_set_timeout
 .text.sys_clock_elapsed
                0x000000000000441c       0x14 zephyr/drivers/timer/libdrivers__timer.a(nrf_rtc_timer.c.obj)
                0x000000000000441c                sys_clock_elapsed
 .text.nrf52_errata_98
                0x0000000000004430       0x24 modules/hal_nordic/modules/hal_nordic/nrfx/libmodules__hal_nordic__nrfx.a(system_nrf52840.c.obj)
 .text.nvmc_wait
                0x0000000000004454       0x10 modules/hal_nordic/modules/hal_nordic/nrfx/libmodules__hal_nordic__nrfx.a(system_nrf52840.c.obj)
                0x0000000000004454                nvmc_wait
 .text.SystemInit
                0x0000000000004464      0x1bc modules/hal_nordic/modules/hal_nordic/nrfx/libmodules__hal_nordic__nrfx.a(system_nrf52840.c.obj)
                0x0000000000004464                SystemInit
 .text.nrfx_flag32_alloc
                0x0000000000004620       0x48 modules/hal_nordic/modules/hal_nordic/nrfx/libmodules__hal_nordic__nrfx.a(nrfx_flag32_allocator.c.obj)
                0x0000000000004620                nrfx_flag32_alloc
 .text.nrfx_flag32_free
                0x0000000000004668       0x40 modules/hal_nordic/modules/hal_nordic/nrfx/libmodules__hal_nordic__nrfx.a(nrfx_flag32_allocator.c.obj)
                0x0000000000004668                nrfx_flag32_free
 .text.nrfx_gppi_channels_enable
                0x00000000000046a8        0xc modules/hal_nordic/modules/hal_nordic/nrfx/libmodules__hal_nordic__nrfx.a(nrfx_gppi_ppi.c.obj)
                0x00000000000046a8                nrfx_gppi_channels_enable
 .text.clock_stop
                0x00000000000046b4       0xc4 modules/hal_nordic/modules/hal_nordic/nrfx/libmodules__hal_nordic__nrfx.a(nrfx_clock.c.obj)
 .text.nrfx_clock_init
                0x0000000000004778       0x20 modules/hal_nordic/modules/hal_nordic/nrfx/libmodules__hal_nordic__nrfx.a(nrfx_clock.c.obj)
                0x0000000000004778                nrfx_clock_init
 .text.nrfx_clock_enable
                0x0000000000004798       0x24 modules/hal_nordic/modules/hal_nordic/nrfx/libmodules__hal_nordic__nrfx.a(nrfx_clock.c.obj)
                0x0000000000004798                nrfx_clock_enable
 .text.nrfx_clock_start
                0x00000000000047bc       0xa8 modules/hal_nordic/modules/hal_nordic/nrfx/libmodules__hal_nordic__nrfx.a(nrfx_clock.c.obj)
                0x00000000000047bc                nrfx_clock_start
 .text.nrfx_power_clock_irq_handler
                0x0000000000004864       0x7c modules/hal_nordic/modules/hal_nordic/nrfx/libmodules__hal_nordic__nrfx.a(nrfx_clock.c.obj)
                0x0000000000004864                nrfx_power_clock_irq_handler
 .text.nrf_gpio_pin_port_decode
                0x00000000000048e0       0x20 modules/hal_nordic/modules/hal_nordic/nrfx/libmodules__hal_nordic__nrfx.a(nrfx_gpiote.c.obj)
 .text.get_pin_idx
                0x0000000000004900       0x14 modules/hal_nordic/modules/hal_nordic/nrfx/libmodules__hal_nordic__nrfx.a(nrfx_gpiote.c.obj)
 .text.call_handler.constprop.0
                0x0000000000004914       0x40 modules/hal_nordic/modules/hal_nordic/nrfx/libmodules__hal_nordic__nrfx.a(nrfx_gpiote.c.obj)
 .text.pin_te_get.constprop.0
                0x0000000000004954       0x18 modules/hal_nordic/modules/hal_nordic/nrfx/libmodules__hal_nordic__nrfx.a(nrfx_gpiote.c.obj)
 .text.pin_is_output.constprop.0
                0x000000000000496c       0x18 modules/hal_nordic/modules/hal_nordic/nrfx/libmodules__hal_nordic__nrfx.a(nrfx_gpiote.c.obj)
 .text.pin_in_use_by_te.constprop.0
                0x0000000000004984       0x18 modules/hal_nordic/modules/hal_nordic/nrfx/libmodules__hal_nordic__nrfx.a(nrfx_gpiote.c.obj)
 .text.latch_pending_read_and_check
                0x000000000000499c       0x40 modules/hal_nordic/modules/hal_nordic/nrfx/libmodules__hal_nordic__nrfx.a(nrfx_gpiote.c.obj)
 .text.release_handler.isra.0
                0x00000000000049dc       0x58 modules/hal_nordic/modules/hal_nordic/nrfx/libmodules__hal_nordic__nrfx.a(nrfx_gpiote.c.obj)
 .text.__nrfy_internal_gpiote_events_process.constprop.0
                0x0000000000004a34       0x5c modules/hal_nordic/modules/hal_nordic/nrfx/libmodules__hal_nordic__nrfx.a(nrfx_gpiote.c.obj)
 .text.pin_uninit
                0x0000000000004a90       0x80 modules/hal_nordic/modules/hal_nordic/nrfx/libmodules__hal_nordic__nrfx.a(nrfx_gpiote.c.obj)
 .text.nrfx_gpiote_input_configure
                0x0000000000004b10      0x174 modules/hal_nordic/modules/hal_nordic/nrfx/libmodules__hal_nordic__nrfx.a(nrfx_gpiote.c.obj)
                0x0000000000004b10                nrfx_gpiote_input_configure
 .text.nrfx_gpiote_output_configure
                0x0000000000004c84       0xfc modules/hal_nordic/modules/hal_nordic/nrfx/libmodules__hal_nordic__nrfx.a(nrfx_gpiote.c.obj)
                0x0000000000004c84                nrfx_gpiote_output_configure
 .text.nrfx_gpiote_global_callback_set
                0x0000000000004d80        0xc modules/hal_nordic/modules/hal_nordic/nrfx/libmodules__hal_nordic__nrfx.a(nrfx_gpiote.c.obj)
                0x0000000000004d80                nrfx_gpiote_global_callback_set
 .text.nrfx_gpiote_channel_get
                0x0000000000004d8c       0x34 modules/hal_nordic/modules/hal_nordic/nrfx/libmodules__hal_nordic__nrfx.a(nrfx_gpiote.c.obj)
                0x0000000000004d8c                nrfx_gpiote_channel_get
 .text.nrfx_gpiote_init
                0x0000000000004dc0       0x68 modules/hal_nordic/modules/hal_nordic/nrfx/libmodules__hal_nordic__nrfx.a(nrfx_gpiote.c.obj)
                0x0000000000004dc0                nrfx_gpiote_init
 .text.nrfx_gpiote_init_check
                0x0000000000004e28       0x14 modules/hal_nordic/modules/hal_nordic/nrfx/libmodules__hal_nordic__nrfx.a(nrfx_gpiote.c.obj)
                0x0000000000004e28                nrfx_gpiote_init_check
 .text.nrfx_gpiote_channel_free
                0x0000000000004e3c        0xc modules/hal_nordic/modules/hal_nordic/nrfx/libmodules__hal_nordic__nrfx.a(nrfx_gpiote.c.obj)
                0x0000000000004e3c                nrfx_gpiote_channel_free
 .text.nrfx_gpiote_channel_alloc
                0x0000000000004e48        0xc modules/hal_nordic/modules/hal_nordic/nrfx/libmodules__hal_nordic__nrfx.a(nrfx_gpiote.c.obj)
                0x0000000000004e48                nrfx_gpiote_channel_alloc
 .text.nrfx_gpiote_trigger_enable
                0x0000000000004e54       0xb0 modules/hal_nordic/modules/hal_nordic/nrfx/libmodules__hal_nordic__nrfx.a(nrfx_gpiote.c.obj)
                0x0000000000004e54                nrfx_gpiote_trigger_enable
 .text.nrfx_gpiote_0_irq_handler
                0x0000000000004f04      0x1bc modules/hal_nordic/modules/hal_nordic/nrfx/libmodules__hal_nordic__nrfx.a(nrfx_gpiote.c.obj)
                0x0000000000004f04                nrfx_gpiote_0_irq_handler
 .text.nrfx_ppi_channel_alloc
                0x00000000000050c0        0xc modules/hal_nordic/modules/hal_nordic/nrfx/libmodules__hal_nordic__nrfx.a(nrfx_ppi.c.obj)
                0x00000000000050c0                nrfx_ppi_channel_alloc
 .text.nrf_gpio_pin_port_decode
                0x00000000000050cc       0x20 modules/hal_nordic/modules/hal_nordic/nrfx/libmodules__hal_nordic__nrfx.a(nrfx_spi.c.obj)
 .text.nrf_gpio_cfg_output
                0x00000000000050ec       0x2c modules/hal_nordic/modules/hal_nordic/nrfx/libmodules__hal_nordic__nrfx.a(nrfx_spi.c.obj)
 .text.spi_configure
                0x0000000000005118      0x120 modules/hal_nordic/modules/hal_nordic/nrfx/libmodules__hal_nordic__nrfx.a(nrfx_spi.c.obj)
 .text.nrf_gpio_cfg_default
                0x0000000000005238       0x2c modules/hal_nordic/modules/hal_nordic/nrfx/libmodules__hal_nordic__nrfx.a(nrfx_spi.c.obj)
 .text.nrfx_spi_init
                0x0000000000005264       0x68 modules/hal_nordic/modules/hal_nordic/nrfx/libmodules__hal_nordic__nrfx.a(nrfx_spi.c.obj)
                0x0000000000005264                nrfx_spi_init
 .text.nrfx_spi_uninit
                0x00000000000052cc       0x70 modules/hal_nordic/modules/hal_nordic/nrfx/libmodules__hal_nordic__nrfx.a(nrfx_spi.c.obj)
                0x00000000000052cc                nrfx_spi_uninit
 .text.nrfx_spi_xfer
                0x000000000000533c       0xfc modules/hal_nordic/modules/hal_nordic/nrfx/libmodules__hal_nordic__nrfx.a(nrfx_spi.c.obj)
                0x000000000000533c                nrfx_spi_xfer
 .text.nrfx_spi_1_irq_handler
                0x0000000000005438       0x40 modules/hal_nordic/modules/hal_nordic/nrfx/libmodules__hal_nordic__nrfx.a(nrfx_spi.c.obj)
                0x0000000000005438                nrfx_spi_1_irq_handler
 .text.nrf_gpio_pin_port_decode
                0x0000000000005478       0x20 modules/hal_nordic/modules/hal_nordic/nrfx/libmodules__hal_nordic__nrfx.a(nrfx_spim.c.obj)
 .text.spim_abort
                0x0000000000005498       0x74 modules/hal_nordic/modules/hal_nordic/nrfx/libmodules__hal_nordic__nrfx.a(nrfx_spim.c.obj)
 .text.spim_frequency_valid_check.constprop.0
                0x000000000000550c       0x64 modules/hal_nordic/modules/hal_nordic/nrfx/libmodules__hal_nordic__nrfx.a(nrfx_spim.c.obj)
 .text.pin_init
                0x0000000000005570       0x50 modules/hal_nordic/modules/hal_nordic/nrfx/libmodules__hal_nordic__nrfx.a(nrfx_spim.c.obj)
 .text.spim_configure
                0x00000000000055c0      0x22c modules/hal_nordic/modules/hal_nordic/nrfx/libmodules__hal_nordic__nrfx.a(nrfx_spim.c.obj)
 .text.spim_pin_uninit
                0x00000000000057ec       0x30 modules/hal_nordic/modules/hal_nordic/nrfx/libmodules__hal_nordic__nrfx.a(nrfx_spim.c.obj)
 .text.nrfx_spim_init
                0x000000000000581c       0x68 modules/hal_nordic/modules/hal_nordic/nrfx/libmodules__hal_nordic__nrfx.a(nrfx_spim.c.obj)
                0x000000000000581c                nrfx_spim_init
 .text.nrfx_spim_uninit
                0x0000000000005884       0x9c modules/hal_nordic/modules/hal_nordic/nrfx/libmodules__hal_nordic__nrfx.a(nrfx_spim.c.obj)
                0x0000000000005884                nrfx_spim_uninit
 .text.nrfx_spim_xfer
                0x0000000000005920      0x1d4 modules/hal_nordic/modules/hal_nordic/nrfx/libmodules__hal_nordic__nrfx.a(nrfx_spim.c.obj)
                0x0000000000005920                nrfx_spim_xfer
 .text.nrfx_spim_3_irq_handler
                0x0000000000005af4       0x64 modules/hal_nordic/modules/hal_nordic/nrfx/libmodules__hal_nordic__nrfx.a(nrfx_spim.c.obj)
                0x0000000000005af4                nrfx_spim_3_irq_handler
 .text._DoInit  0x0000000000005b58       0x60 modules/segger/libmodules__segger.a(SEGGER_RTT.c.obj)
 .text.SEGGER_RTT_WriteSkipNoLock
                0x0000000000005bb8       0x88 modules/segger/libmodules__segger.a(SEGGER_RTT.c.obj)
                0x0000000000005bb8                SEGGER_RTT_WriteSkipNoLock
 .text.SEGGER_RTT_HasDataUp
                0x0000000000005c40       0x14 modules/segger/libmodules__segger.a(SEGGER_RTT.c.obj)
                0x0000000000005c40                SEGGER_RTT_HasDataUp
 .text.SEGGER_RTT_Init
                0x0000000000005c54       0x2c modules/segger/libmodules__segger.a(SEGGER_RTT.c.obj)
                0x0000000000005c54                SEGGER_RTT_Init
 .text.platform_st25r_protect_comm
                0x0000000000005c80       0x14 modules/zephyr-st25r/lib..__..__..__ncs-inter__l7__l7_e1_sol__app__modules__zephyr__zephyr-st25r__zephyr.a(platform.c.obj)
                0x0000000000005c80                platform_st25r_protect_comm
 .text.platform_st25r_unprotect_comm
                0x0000000000005c94        0xc modules/zephyr-st25r/lib..__..__..__ncs-inter__l7__l7_e1_sol__app__modules__zephyr__zephyr-st25r__zephyr.a(platform.c.obj)
                0x0000000000005c94                platform_st25r_unprotect_comm
 .text.st25r_init.part.0
                0x0000000000005ca0       0x1c modules/zephyr-st25r/lib..__..__..__ncs-inter__l7__l7_e1_sol__app__modules__zephyr__zephyr-st25r__zephyr.a(st25r.c.obj)
 .text.st25r_init
                0x0000000000005cbc       0x30 modules/zephyr-st25r/lib..__..__..__ncs-inter__l7__l7_e1_sol__app__modules__zephyr__zephyr-st25r__zephyr.a(st25r.c.obj)
 .text.gpio_pin_interrupt_configure_dt
                0x0000000000005cec       0x40 modules/zephyr-st25r/lib..__..__..__ncs-inter__l7__l7_e1_sol__app__modules__zephyr__zephyr-st25r__zephyr.a(st25r_trigger.c.obj)
 .text.platform_st25r_int_pin
                0x0000000000005d2c        0xc modules/zephyr-st25r/lib..__..__..__ncs-inter__l7__l7_e1_sol__app__modules__zephyr__zephyr-st25r__zephyr.a(st25r_trigger.c.obj)
                0x0000000000005d2c                platform_st25r_int_pin
 .text.platform_st25r_int_port
                0x0000000000005d38        0xc modules/zephyr-st25r/lib..__..__..__ncs-inter__l7__l7_e1_sol__app__modules__zephyr__zephyr-st25r__zephyr.a(st25r_trigger.c.obj)
                0x0000000000005d38                platform_st25r_int_port
 .text.st25r_init_interrupt
                0x0000000000005d44      0x104 modules/zephyr-st25r/lib..__..__..__ncs-inter__l7__l7_e1_sol__app__modules__zephyr__zephyr-st25r__zephyr.a(st25r_trigger.c.obj)
                0x0000000000005d44                st25r_init_interrupt
 .text.st25r3916CheckForReceivedInterrupts
                0x0000000000005e48       0x6c modules/zephyr-st25r/st/st25r3916/lib..__..__..__ncs-inter__l7__l7_e1_sol__app__modules__zephyr__zephyr-st25r__zephyr__st__st25r3916.a(st25r3916_irq.c.obj)
                0x0000000000005e48                st25r3916CheckForReceivedInterrupts
 .text.st25r3916Isr
                0x0000000000005eb4       0x1c modules/zephyr-st25r/st/st25r3916/lib..__..__..__ncs-inter__l7__l7_e1_sol__app__modules__zephyr__zephyr-st25r__zephyr__st__st25r3916.a(st25r3916_irq.c.obj)
                0x0000000000005eb4                st25r3916Isr
 .text.k_sys_fatal_error_handler
                0x0000000000005ed0       0x20 zephyr/kernel/libkernel.a(fatal.c.obj)
                0x0000000000005ed0                k_sys_fatal_error_handler
 .text.z_fatal_error
                0x0000000000005ef0       0xe8 zephyr/kernel/libkernel.a(fatal.c.obj)
                0x0000000000005ef0                z_fatal_error
 .text.z_sys_init_run_level
                0x0000000000005fd8       0x2c zephyr/kernel/libkernel.a(init.c.obj)
 .text.bg_thread_main
                0x0000000000006004       0xc4 zephyr/kernel/libkernel.a(init.c.obj)
 .text.z_bss_zero
                0x00000000000060c8       0x18 zephyr/kernel/libkernel.a(init.c.obj)
                0x00000000000060c8                z_bss_zero
 .text.z_init_cpu
                0x00000000000060e0       0x70 zephyr/kernel/libkernel.a(init.c.obj)
                0x00000000000060e0                z_init_cpu
 .text.z_cstart
                0x0000000000006150       0xe0 zephyr/kernel/libkernel.a(init.c.obj)
                0x0000000000006150                z_cstart
 .text.init_mem_slab_obj_core_list
                0x0000000000006230       0x24 zephyr/kernel/libkernel.a(mem_slab.c.obj)
 .text.k_mem_slab_alloc
                0x0000000000006254       0x5c zephyr/kernel/libkernel.a(mem_slab.c.obj)
                0x0000000000006254                k_mem_slab_alloc
 .text.z_impl_k_mutex_lock
                0x00000000000062b0       0xf0 zephyr/kernel/libkernel.a(mutex.c.obj)
                0x00000000000062b0                z_impl_k_mutex_lock
 .text.z_impl_k_mutex_unlock
                0x00000000000063a0       0xa0 zephyr/kernel/libkernel.a(mutex.c.obj)
                0x00000000000063a0                z_impl_k_mutex_unlock
 .text.z_impl_k_sem_give
                0x0000000000006440       0x68 zephyr/kernel/libkernel.a(sem.c.obj)
                0x0000000000006440                z_impl_k_sem_give
 .text.z_impl_k_sem_take
                0x00000000000064a8       0x4c zephyr/kernel/libkernel.a(sem.c.obj)
                0x00000000000064a8                z_impl_k_sem_take
 .text.z_impl_k_sem_reset
                0x00000000000064f4       0x60 zephyr/kernel/libkernel.a(sem.c.obj)
                0x00000000000064f4                z_impl_k_sem_reset
 .text.work_queue_main
                0x0000000000006554      0x14c zephyr/kernel/libkernel.a(work.c.obj)
 .text.submit_to_queue_locked
                0x00000000000066a0       0xb4 zephyr/kernel/libkernel.a(work.c.obj)
 .text.k_work_submit
                0x0000000000006754        0xc zephyr/kernel/libkernel.a(work.c.obj)
                0x0000000000006754                k_work_submit
 .text.k_work_queue_start
                0x0000000000006760       0x7c zephyr/kernel/libkernel.a(work.c.obj)
                0x0000000000006760                k_work_queue_start
 .text.z_setup_new_thread
                0x00000000000067dc       0x98 zephyr/kernel/libkernel.a(thread.c.obj)
                0x00000000000067dc                z_setup_new_thread
 .text.z_impl_k_thread_create
                0x0000000000006874       0x58 zephyr/kernel/libkernel.a(thread.c.obj)
                0x0000000000006874                z_impl_k_thread_create
 .text.z_swap_irqlock
                0x00000000000068cc       0x30 zephyr/kernel/libkernel.a(sched.c.obj)
 .text.ready_thread
                0x00000000000068fc       0x90 zephyr/kernel/libkernel.a(sched.c.obj)
 .text.unready_thread
                0x000000000000698c       0x54 zephyr/kernel/libkernel.a(sched.c.obj)
 .text.move_thread_to_end_of_prio_q
                0x00000000000069e0       0x90 zephyr/kernel/libkernel.a(sched.c.obj)
                0x00000000000069e0                move_thread_to_end_of_prio_q
 .text.z_pend_curr
                0x0000000000006a70       0x58 zephyr/kernel/libkernel.a(sched.c.obj)
                0x0000000000006a70                z_pend_curr
 .text.z_thread_prio_set
                0x0000000000006ac8       0x9c zephyr/kernel/libkernel.a(sched.c.obj)
                0x0000000000006ac8                z_thread_prio_set
 .text.z_reschedule
                0x0000000000006b64       0x24 zephyr/kernel/libkernel.a(sched.c.obj)
                0x0000000000006b64                z_reschedule
 .text.z_reschedule_irqlock
                0x0000000000006b88       0x28 zephyr/kernel/libkernel.a(sched.c.obj)
                0x0000000000006b88                z_reschedule_irqlock
 .text.k_sched_lock
                0x0000000000006bb0       0x28 zephyr/kernel/libkernel.a(sched.c.obj)
                0x0000000000006bb0                k_sched_lock
 .text.k_sched_unlock
                0x0000000000006bd8       0x68 zephyr/kernel/libkernel.a(sched.c.obj)
                0x0000000000006bd8                k_sched_unlock
 .text.z_sched_init
                0x0000000000006c40       0x10 zephyr/kernel/libkernel.a(sched.c.obj)
                0x0000000000006c40                z_sched_init
 .text.z_impl_k_yield
                0x0000000000006c50       0x88 zephyr/kernel/libkernel.a(sched.c.obj)
                0x0000000000006c50                z_impl_k_yield
 .text.z_tick_sleep
                0x0000000000006cd8       0x80 zephyr/kernel/libkernel.a(sched.c.obj)
 .text.z_impl_k_wakeup
                0x0000000000006d58       0x4c zephyr/kernel/libkernel.a(sched.c.obj)
                0x0000000000006d58                z_impl_k_wakeup
 .text.z_impl_k_sched_current_thread_query
                0x0000000000006da4        0xc zephyr/kernel/libkernel.a(sched.c.obj)
                0x0000000000006da4                z_impl_k_sched_current_thread_query
 .text.z_thread_abort
                0x0000000000006db0      0x110 zephyr/kernel/libkernel.a(sched.c.obj)
                0x0000000000006db0                z_thread_abort
 .text.z_sched_wait
                0x0000000000006ec0       0x24 zephyr/kernel/libkernel.a(sched.c.obj)
                0x0000000000006ec0                z_sched_wait
 .text.slice_timeout
                0x0000000000006ee4       0x20 zephyr/kernel/libkernel.a(timeslicing.c.obj)
 .text.thread_is_sliceable
                0x0000000000006f04       0x3c zephyr/kernel/libkernel.a(timeslicing.c.obj)
                0x0000000000006f04                thread_is_sliceable
 .text.z_reset_time_slice
                0x0000000000006f40       0x50 zephyr/kernel/libkernel.a(timeslicing.c.obj)
                0x0000000000006f40                z_reset_time_slice
 .text.z_time_slice
                0x0000000000006f90       0x60 zephyr/kernel/libkernel.a(timeslicing.c.obj)
                0x0000000000006f90                z_time_slice
 .text.z_data_copy
                0x0000000000006ff0       0x38 zephyr/kernel/libkernel.a(xip.c.obj)
                0x0000000000006ff0                z_data_copy
 .text.first    0x0000000000007028       0x10 zephyr/kernel/libkernel.a(timeout.c.obj)
 .text.elapsed  0x0000000000007038       0x14 zephyr/kernel/libkernel.a(timeout.c.obj)
 .text.remove_timeout
                0x000000000000704c       0x38 zephyr/kernel/libkernel.a(timeout.c.obj)
 .text.z_add_timeout
                0x0000000000007084       0xec zephyr/kernel/libkernel.a(timeout.c.obj)
                0x0000000000007084                z_add_timeout
 .text.sys_clock_announce
                0x0000000000007170       0xbc zephyr/kernel/libkernel.a(timeout.c.obj)
                0x0000000000007170                sys_clock_announce
 .text.sys_clock_tick_get
                0x000000000000722c       0x30 zephyr/kernel/libkernel.a(timeout.c.obj)
                0x000000000000722c                sys_clock_tick_get
 .text.z_timer_expiration_handler
                0x000000000000725c       0xe0 zephyr/kernel/libkernel.a(timer.c.obj)
                0x000000000000725c                z_timer_expiration_handler
 .text.z_impl_k_timer_start
                0x000000000000733c       0x74 zephyr/kernel/libkernel.a(timer.c.obj)
                0x000000000000733c                z_impl_k_timer_start
 .text.k_sys_work_q_init
                0x00000000000073b0       0x34 zephyr/kernel/libkernel.a(system_work_q.c.obj)
 .text.nrf_cc3xx_platform_init_no_rng
                0x00000000000073e4       0x38 C:/ncs/v3.0.0/nrfxlib/crypto/nrf_cc310_platform/lib/cortex-m4/soft-float/no-interrupts/libnrf_cc310_platform_0.9.19.a(nrf_cc3xx_platform.c.obj)
                0x00000000000073e4                nrf_cc3xx_platform_init_no_rng
 .text.nrf_cc3xx_platform_abort
                0x000000000000741c       0x24 C:/ncs/v3.0.0/nrfxlib/crypto/nrf_cc310_platform/lib/cortex-m4/soft-float/no-interrupts/libnrf_cc310_platform_0.9.19.a(nrf_cc3xx_platform_abort.c.obj)
 .text.CC_PalAbort
                0x0000000000007440       0x34 C:/ncs/v3.0.0/nrfxlib/crypto/nrf_cc310_platform/lib/cortex-m4/soft-float/no-interrupts/libnrf_cc310_platform_0.9.19.a(nrf_cc3xx_platform_abort.c.obj)
                0x0000000000007440                CC_PalAbort
 .text.nrf_cc3xx_platform_set_abort
                0x0000000000007474       0x10 C:/ncs/v3.0.0/nrfxlib/crypto/nrf_cc310_platform/lib/cortex-m4/soft-float/no-interrupts/libnrf_cc310_platform_0.9.19.a(nrf_cc3xx_platform_abort.c.obj)
                0x0000000000007474                nrf_cc3xx_platform_set_abort
 .text.mutex_free
                0x0000000000007484       0x34 C:/ncs/v3.0.0/nrfxlib/crypto/nrf_cc310_platform/lib/cortex-m4/soft-float/no-interrupts/libnrf_cc310_platform_0.9.19.a(nrf_cc3xx_platform_mutex.c.obj)
 .text.mutex_lock
                0x00000000000074b8       0x48 C:/ncs/v3.0.0/nrfxlib/crypto/nrf_cc310_platform/lib/cortex-m4/soft-float/no-interrupts/libnrf_cc310_platform_0.9.19.a(nrf_cc3xx_platform_mutex.c.obj)
 .text.mutex_unlock
                0x0000000000007500       0x38 C:/ncs/v3.0.0/nrfxlib/crypto/nrf_cc310_platform/lib/cortex-m4/soft-float/no-interrupts/libnrf_cc310_platform_0.9.19.a(nrf_cc3xx_platform_mutex.c.obj)
 .text.mutex_init
                0x0000000000007538       0x20 C:/ncs/v3.0.0/nrfxlib/crypto/nrf_cc310_platform/lib/cortex-m4/soft-float/no-interrupts/libnrf_cc310_platform_0.9.19.a(nrf_cc3xx_platform_mutex.c.obj)
 .text.nrf_cc3xx_platform_set_mutexes
                0x0000000000007558       0x74 C:/ncs/v3.0.0/nrfxlib/crypto/nrf_cc310_platform/lib/cortex-m4/soft-float/no-interrupts/libnrf_cc310_platform_0.9.19.a(nrf_cc3xx_platform_mutex.c.obj)
                0x0000000000007558                nrf_cc3xx_platform_set_mutexes
 .text.CC_LibInitNoRng
                0x00000000000075cc       0x64 C:/ncs/v3.0.0/nrfxlib/crypto/nrf_cc310_platform/lib/cortex-m4/soft-float/no-interrupts/libnrf_cc310_platform_0.9.19.a(cc_lib.c.obj)
                0x00000000000075cc                CC_LibInitNoRng
 .text.CC_HalInit
                0x0000000000007630        0x4 C:/ncs/v3.0.0/nrfxlib/crypto/nrf_cc310_platform/lib/cortex-m4/soft-float/no-interrupts/libnrf_cc310_platform_0.9.19.a(cc_hal.c.obj)
                0x0000000000007630                CC_HalInit
 .text.CC_HalTerminate
                0x0000000000007634        0x4 C:/ncs/v3.0.0/nrfxlib/crypto/nrf_cc310_platform/lib/cortex-m4/soft-float/no-interrupts/libnrf_cc310_platform_0.9.19.a(cc_hal.c.obj)
                0x0000000000007634                CC_HalTerminate
 .text.CC_HalMaskInterrupt
                0x0000000000007638        0xc C:/ncs/v3.0.0/nrfxlib/crypto/nrf_cc310_platform/lib/cortex-m4/soft-float/no-interrupts/libnrf_cc310_platform_0.9.19.a(cc_hal.c.obj)
                0x0000000000007638                CC_HalMaskInterrupt
 .text.CC_PalInit
                0x0000000000007644       0x5c C:/ncs/v3.0.0/nrfxlib/crypto/nrf_cc310_platform/lib/cortex-m4/soft-float/no-interrupts/libnrf_cc310_platform_0.9.19.a(cc_pal.c.obj)
                0x0000000000007644                CC_PalInit
 .text.CC_PalTerminate
                0x00000000000076a0       0x34 C:/ncs/v3.0.0/nrfxlib/crypto/nrf_cc310_platform/lib/cortex-m4/soft-float/no-interrupts/libnrf_cc310_platform_0.9.19.a(cc_pal.c.obj)
                0x00000000000076a0                CC_PalTerminate
 .text.CC_PalDmaInit
                0x00000000000076d4        0x4 C:/ncs/v3.0.0/nrfxlib/crypto/nrf_cc310_platform/lib/cortex-m4/soft-float/no-interrupts/libnrf_cc310_platform_0.9.19.a(cc_pal_dma.c.obj)
                0x00000000000076d4                CC_PalDmaInit
 .text.CC_PalDmaTerminate
                0x00000000000076d8        0x4 C:/ncs/v3.0.0/nrfxlib/crypto/nrf_cc310_platform/lib/cortex-m4/soft-float/no-interrupts/libnrf_cc310_platform_0.9.19.a(cc_pal_dma.c.obj)
                0x00000000000076d8                CC_PalDmaTerminate
 .text.CC_PalMutexCreate
                0x00000000000076dc       0x14 C:/ncs/v3.0.0/nrfxlib/crypto/nrf_cc310_platform/lib/cortex-m4/soft-float/no-interrupts/libnrf_cc310_platform_0.9.19.a(cc_pal_mutex.c.obj)
                0x00000000000076dc                CC_PalMutexCreate
 .text.CC_PalMutexDestroy
                0x00000000000076f0       0x14 C:/ncs/v3.0.0/nrfxlib/crypto/nrf_cc310_platform/lib/cortex-m4/soft-float/no-interrupts/libnrf_cc310_platform_0.9.19.a(cc_pal_mutex.c.obj)
                0x00000000000076f0                CC_PalMutexDestroy
 .text.CC_PalPowerSaveModeInit
                0x0000000000007704       0x3c C:/ncs/v3.0.0/nrfxlib/crypto/nrf_cc310_platform/lib/cortex-m4/soft-float/no-interrupts/libnrf_cc310_platform_0.9.19.a(cc_pal_pm.c.obj)
                0x0000000000007704                CC_PalPowerSaveModeInit
 .text.CC_PalPowerSaveModeSelect
                0x0000000000007740       0x84 C:/ncs/v3.0.0/nrfxlib/crypto/nrf_cc310_platform/lib/cortex-m4/soft-float/no-interrupts/libnrf_cc310_platform_0.9.19.a(cc_pal_pm.c.obj)
                0x0000000000007740                CC_PalPowerSaveModeSelect
 .text.snprintf
                0x00000000000077c4       0x58 c:\ncs\toolchains\0b393f9e1b\opt\zephyr-sdk\arm-zephyr-eabi\bin\../lib/gcc/../../picolibc/arm-zephyr-eabi/lib/thumb/v7e-m/nofp\libc.a(libc_tinystdio_snprintf.c.o)
                0x00000000000077c4                snprintf
 .text.__l_vfprintf
                0x000000000000781c      0x4b8 c:\ncs\toolchains\0b393f9e1b\opt\zephyr-sdk\arm-zephyr-eabi\bin\../lib/gcc/../../picolibc/arm-zephyr-eabi/lib/thumb/v7e-m/nofp\libc.a(libc_tinystdio_vflprintf.c.o)
                0x000000000000781c                __l_vfprintf
 .text._OffsetAbsSyms
                0x0000000000007cd4        0x2 zephyr/CMakeFiles/offsets.dir/./arch/arm/core/offsets/offsets.c.obj
                0x0000000000007cd4                _OffsetAbsSyms
 .text.chunk_field
                0x0000000000007cd6       0x16 zephyr/libzephyr.a(heap.c.obj)
 .text.chunk_set
                0x0000000000007cec       0x16 zephyr/libzephyr.a(heap.c.obj)
 .text.chunk_size
                0x0000000000007d02        0xc zephyr/libzephyr.a(heap.c.obj)
 .text.set_chunk_used
                0x0000000000007d0e       0x30 zephyr/libzephyr.a(heap.c.obj)
 .text.set_chunk_size
                0x0000000000007d3e        0x8 zephyr/libzephyr.a(heap.c.obj)
 .text.bucket_idx.isra.0
                0x0000000000007d46       0x1c zephyr/libzephyr.a(heap.c.obj)
 .text.free_list_add
                0x0000000000007d62       0x84 zephyr/libzephyr.a(heap.c.obj)
 .text.sys_heap_init
                0x0000000000007de6       0xb0 zephyr/libzephyr.a(heap.c.obj)
                0x0000000000007de6                sys_heap_init
 .text.cbpprintf_external
                0x0000000000007e96       0x62 zephyr/libzephyr.a(cbprintf_packaged.c.obj)
                0x0000000000007e96                cbpprintf_external
 .text.is_ptr   0x0000000000007ef8       0x4a zephyr/libzephyr.a(cbprintf_packaged.c.obj)
                0x0000000000007ef8                is_ptr
 .text.arch_printk_char_out
                0x0000000000007f42        0x4 zephyr/libzephyr.a(printk.c.obj)
                0x0000000000007f42                arch_printk_char_out
 .text.printk   0x0000000000007f46       0x1a zephyr/libzephyr.a(printk.c.obj)
                0x0000000000007f46                printk
 .text.free_space
                0x0000000000007f60       0x26 zephyr/libzephyr.a(mpsc_pbuf.c.obj)
 .text.get_usage
                0x0000000000007f86       0x22 zephyr/libzephyr.a(mpsc_pbuf.c.obj)
 .text.idx_inc  0x0000000000007fa8       0x1c zephyr/libzephyr.a(mpsc_pbuf.c.obj)
 .text.rd_idx_inc
                0x0000000000007fc4       0x18 zephyr/libzephyr.a(mpsc_pbuf.c.obj)
 .text.add_skip_item
                0x0000000000007fdc       0x3a zephyr/libzephyr.a(mpsc_pbuf.c.obj)
 .text.drop_item_locked
                0x0000000000008016       0xee zephyr/libzephyr.a(mpsc_pbuf.c.obj)
 .text.post_drop_action
                0x0000000000008104       0x36 zephyr/libzephyr.a(mpsc_pbuf.c.obj)
 .text.max_utilization_update
                0x000000000000813a       0x1a zephyr/libzephyr.a(mpsc_pbuf.c.obj)
 .text.mpsc_pbuf_init
                0x0000000000008154       0x42 zephyr/libzephyr.a(mpsc_pbuf.c.obj)
                0x0000000000008154                mpsc_pbuf_init
 .text.mpsc_pbuf_alloc
                0x0000000000008196       0xfe zephyr/libzephyr.a(mpsc_pbuf.c.obj)
                0x0000000000008196                mpsc_pbuf_alloc
 .text.mpsc_pbuf_commit
                0x0000000000008294       0x3e zephyr/libzephyr.a(mpsc_pbuf.c.obj)
                0x0000000000008294                mpsc_pbuf_commit
 .text.mpsc_pbuf_claim
                0x00000000000082d2       0xa8 zephyr/libzephyr.a(mpsc_pbuf.c.obj)
                0x00000000000082d2                mpsc_pbuf_claim
 .text.mpsc_pbuf_free
                0x000000000000837a       0x76 zephyr/libzephyr.a(mpsc_pbuf.c.obj)
                0x000000000000837a                mpsc_pbuf_free
 .text.mpsc_pbuf_is_pending
                0x00000000000083f0       0x32 zephyr/libzephyr.a(mpsc_pbuf.c.obj)
                0x00000000000083f0                mpsc_pbuf_is_pending
 .text.process_recheck
                0x0000000000008422       0x38 zephyr/libzephyr.a(onoff.c.obj)
 .text.validate_args
                0x000000000000845a       0x20 zephyr/libzephyr.a(onoff.c.obj)
 .text.notify_one
                0x000000000000847a       0x2c zephyr/libzephyr.a(onoff.c.obj)
 .text.transition_complete
                0x00000000000084a6       0x1a zephyr/libzephyr.a(onoff.c.obj)
 .text.onoff_manager_init
                0x00000000000084c0       0x26 zephyr/libzephyr.a(onoff.c.obj)
                0x00000000000084c0                onoff_manager_init
 .text.onoff_request
                0x00000000000084e6       0xae zephyr/libzephyr.a(onoff.c.obj)
                0x00000000000084e6                onoff_request
 .text.sys_notify_validate
                0x0000000000008594       0x22 zephyr/libzephyr.a(notify.c.obj)
                0x0000000000008594                sys_notify_validate
 .text.sys_notify_finalize
                0x00000000000085b6       0x1a zephyr/libzephyr.a(notify.c.obj)
                0x00000000000085b6                sys_notify_finalize
 .text._ConfigAbsSyms
                0x00000000000085d0        0x2 zephyr/libzephyr.a(configs.c.obj)
                0x00000000000085d0                _ConfigAbsSyms
 .text.log_msg_generic_get_wlen
                0x00000000000085d2       0x20 zephyr/libzephyr.a(log_core.c.obj)
 .text.dummy_timestamp
                0x00000000000085f2        0x4 zephyr/libzephyr.a(log_core.c.obj)
 .text.default_get_timestamp
                0x00000000000085f6        0x4 zephyr/libzephyr.a(log_core.c.obj)
 .text.atomic_inc
                0x00000000000085fa       0x1a zephyr/libzephyr.a(log_core.c.obj)
 .text.z_log_vprintk
                0x0000000000008614       0x1c zephyr/libzephyr.a(log_core.c.obj)
                0x0000000000008614                z_log_vprintk
 .text.z_log_notify_drop
                0x0000000000008630        0x6 zephyr/libzephyr.a(log_core.c.obj)
 .text.z_log_get_tag
                0x0000000000008636        0x4 zephyr/libzephyr.a(log_core.c.obj)
                0x0000000000008636                z_log_get_tag
 .text.z_cbprintf_cpy
                0x000000000000863a       0x2c zephyr/libzephyr.a(log_msg.c.obj)
 .text.z_log_msg_finalize
                0x0000000000008666       0x32 zephyr/libzephyr.a(log_msg.c.obj)
                0x0000000000008666                z_log_msg_finalize
 .text.z_log_msg_simple_create
                0x0000000000008698       0x6e zephyr/libzephyr.a(log_msg.c.obj)
 .text.z_impl_z_log_msg_simple_create_0
                0x0000000000008706       0x12 zephyr/libzephyr.a(log_msg.c.obj)
                0x0000000000008706                z_impl_z_log_msg_simple_create_0
 .text.z_impl_z_log_msg_simple_create_1
                0x0000000000008718       0x14 zephyr/libzephyr.a(log_msg.c.obj)
                0x0000000000008718                z_impl_z_log_msg_simple_create_1
 .text.log_output_write
                0x000000000000872c       0x1c zephyr/libzephyr.a(log_output.c.obj)
 .text.log_output_flush
                0x0000000000008748       0x1a zephyr/libzephyr.a(log_output.c.obj)
 .text.out_func
                0x0000000000008762       0x36 zephyr/libzephyr.a(log_output.c.obj)
 .text.cr_out_func
                0x0000000000008798       0x1c zephyr/libzephyr.a(log_output.c.obj)
 .text.log_output_msg_process
                0x00000000000087b4       0x6a zephyr/libzephyr.a(log_output.c.obj)
                0x00000000000087b4                log_output_msg_process
 .text.format_set
                0x000000000000881e        0xc zephyr/libzephyr.a(log_backend_uart.c.obj)
 .text.log_backend_uart_init
                0x000000000000882a        0xc zephyr/libzephyr.a(log_backend_uart.c.obj)
 .text.panic    0x0000000000008836       0x32 zephyr/libzephyr.a(log_backend_uart.c.obj)
 .text.dropped  0x0000000000008868        0xa zephyr/libzephyr.a(log_backend_uart.c.obj)
 .text.process  0x0000000000008872       0x1e zephyr/libzephyr.a(log_backend_uart.c.obj)
 .text.abort_function
                0x0000000000008890        0x2 zephyr/libzephyr.a(nrf_cc3xx_platform_abort_zephyr.c.obj)
 .text.z_do_kernel_oops
                0x0000000000008892        0x8 zephyr/arch/arch/arm/core/libarch__arm__core.a(fatal.c.obj)
                0x0000000000008892                z_do_kernel_oops
 .text.z_arm_nmi
                0x000000000000889a        0xe zephyr/arch/arch/arm/core/libarch__arm__core.a(nmi.c.obj)
                0x000000000000889a                z_arm_nmi
 .text.z_log_msg_simple_create_0.constprop.0
                0x00000000000088a8        0x8 zephyr/arch/arch/arm/core/cortex_m/libarch__arm__core__cortex_m.a(fault.c.obj)
 .text.z_irq_spurious
                0x00000000000088b0        0x8 zephyr/arch/arch/arm/core/cortex_m/libarch__arm__core__cortex_m.a(irq_manage.c.obj)
                0x00000000000088b0                z_irq_spurious
 .text.arch_irq_unlock_outlined
                0x00000000000088b8        0xe zephyr/arch/arch/arm/core/cortex_m/libarch__arm__core__cortex_m.a(thread.c.obj)
                0x00000000000088b8                arch_irq_unlock_outlined
 .text.arch_cpu_idle
                0x00000000000088c6       0x1a zephyr/arch/arch/arm/core/cortex_m/libarch__arm__core__cortex_m.a(cpu_idle.c.obj)
                0x00000000000088c6                arch_cpu_idle
 .text.arch_cpu_atomic_idle
                0x00000000000088e0       0x1e zephyr/arch/arch/arm/core/cortex_m/libarch__arm__core__cortex_m.a(cpu_idle.c.obj)
                0x00000000000088e0                arch_cpu_atomic_idle
 .text.size_to_mpu_rasr_size
                0x00000000000088fe       0x20 zephyr/arch/arch/arm/core/mpu/libarch__arm__core__mpu.a(arm_mpu.c.obj)
 .text.cbputc   0x000000000000891e        0xc zephyr/lib/libc/picolibc/liblib__libc__picolibc.a(cbprintf.c.obj)
 .text.picolibc_put
                0x000000000000892a        0xa zephyr/lib/libc/picolibc/liblib__libc__picolibc.a(stdio.c.obj)
 .text.get_status
                0x0000000000008934       0x12 zephyr/drivers/clock_control/libdrivers__clock_control.a(clock_control_nrf.c.obj)
 .text.stop     0x0000000000008946       0x50 zephyr/drivers/clock_control/libdrivers__clock_control.a(clock_control_nrf.c.obj)
 .text.api_stop
                0x0000000000008996        0x6 zephyr/drivers/clock_control/libdrivers__clock_control.a(clock_control_nrf.c.obj)
 .text.async_start
                0x000000000000899c       0x5a zephyr/drivers/clock_control/libdrivers__clock_control.a(clock_control_nrf.c.obj)
 .text.api_start
                0x00000000000089f6        0xe zephyr/drivers/clock_control/libdrivers__clock_control.a(clock_control_nrf.c.obj)
 .text.onoff_started_callback
                0x0000000000008a04       0x12 zephyr/drivers/clock_control/libdrivers__clock_control.a(clock_control_nrf.c.obj)
 .text.lfclk_start
                0x0000000000008a16        0x6 zephyr/drivers/clock_control/libdrivers__clock_control.a(clock_control_nrf.c.obj)
 .text.lfclk_stop
                0x0000000000008a1c        0x6 zephyr/drivers/clock_control/libdrivers__clock_control.a(clock_control_nrf.c.obj)
 .text.blocking_start_callback
                0x0000000000008a22        0x6 zephyr/drivers/clock_control/libdrivers__clock_control.a(clock_control_nrf.c.obj)
 .text.gpio_nrfx_port_get_raw
                0x0000000000008a28        0xe zephyr/drivers/gpio/libdrivers__gpio.a(gpio_nrfx.c.obj)
 .text.gpio_nrfx_port_set_masked_raw
                0x0000000000008a36       0x18 zephyr/drivers/gpio/libdrivers__gpio.a(gpio_nrfx.c.obj)
 .text.gpio_nrfx_port_set_bits_raw
                0x0000000000008a4e        0xc zephyr/drivers/gpio/libdrivers__gpio.a(gpio_nrfx.c.obj)
 .text.gpio_nrfx_port_clear_bits_raw
                0x0000000000008a5a        0xc zephyr/drivers/gpio/libdrivers__gpio.a(gpio_nrfx.c.obj)
 .text.gpio_nrfx_port_toggle_bits
                0x0000000000008a66       0x1a zephyr/drivers/gpio/libdrivers__gpio.a(gpio_nrfx.c.obj)
 .text.gpio_nrfx_manage_callback
                0x0000000000008a80       0x52 zephyr/drivers/gpio/libdrivers__gpio.a(gpio_nrfx.c.obj)
 .text.pinctrl_lookup_state
                0x0000000000008ad2       0x26 zephyr/drivers/pinctrl/libdrivers__pinctrl.a(common.c.obj)
                0x0000000000008ad2                pinctrl_lookup_state
 .text.uarte_nrfx_err_check
                0x0000000000008af8        0xe zephyr/drivers/serial/libdrivers__serial.a(uart_nrfx_uarte.c.obj)
 .text.uarte_nrfx_poll_in
                0x0000000000008b06       0x26 zephyr/drivers/serial/libdrivers__serial.a(uart_nrfx_uarte.c.obj)
 .text.is_tx_ready.isra.0
                0x0000000000008b2c       0x20 zephyr/drivers/serial/libdrivers__serial.a(uart_nrfx_uarte.c.obj)
 .text.uarte_nrfx_isr_int
                0x0000000000008b4c       0x42 zephyr/drivers/serial/libdrivers__serial.a(uart_nrfx_uarte.c.obj)
 .text.z_log_msg_simple_create_0
                0x0000000000008b8e        0x4 zephyr/drivers/spi/libdrivers__spi.a(spi_nrfx_spi.c.obj)
 .text.irq_connect1
                0x0000000000008b92        0xa zephyr/drivers/spi/libdrivers__spi.a(spi_nrfx_spi.c.obj)
 .text.spi_context_get_next_buf.constprop.0
                0x0000000000008b9c       0x26 zephyr/drivers/spi/libdrivers__spi.a(spi_nrfx_spi.c.obj)
 .text.gpio_pin_set_dt.isra.0
                0x0000000000008bc2       0x28 zephyr/drivers/spi/libdrivers__spi.a(spi_nrfx_spi.c.obj)
 .text.spi_context_unlock_unconditionally
                0x0000000000008bea       0x30 zephyr/drivers/spi/libdrivers__spi.a(spi_nrfx_spi.c.obj)
 .text.spi_nrfx_release
                0x0000000000008c1a       0x24 zephyr/drivers/spi/libdrivers__spi.a(spi_nrfx_spi.c.obj)
 .text.spi_nrfx_wake_request
                0x0000000000008c3e       0x50 zephyr/drivers/spi/libdrivers__spi.a(spi_nrfx_common.c.obj)
                0x0000000000008c3e                spi_nrfx_wake_request
 .text.z_log_msg_simple_create_0
                0x0000000000008c8e        0x4 zephyr/drivers/spi/libdrivers__spi.a(spi_nrfx_spim.c.obj)
 .text.irq_connect3
                0x0000000000008c92        0xa zephyr/drivers/spi/libdrivers__spi.a(spi_nrfx_spim.c.obj)
 .text.spi_context_get_next_buf.constprop.0
                0x0000000000008c9c       0x26 zephyr/drivers/spi/libdrivers__spi.a(spi_nrfx_spim.c.obj)
 .text.pinctrl_apply_state.constprop.0
                0x0000000000008cc2       0x20 zephyr/drivers/spi/libdrivers__spi.a(spi_nrfx_spim.c.obj)
 .text.gpio_pin_set_dt.isra.0
                0x0000000000008ce2       0x28 zephyr/drivers/spi/libdrivers__spi.a(spi_nrfx_spim.c.obj)
 .text._spi_context_cs_control
                0x0000000000008d0a       0x40 zephyr/drivers/spi/libdrivers__spi.a(spi_nrfx_spim.c.obj)
 .text.spi_context_unlock_unconditionally
                0x0000000000008d4a       0x20 zephyr/drivers/spi/libdrivers__spi.a(spi_nrfx_spim.c.obj)
 .text.spi_nrfx_release
                0x0000000000008d6a       0x24 zephyr/drivers/spi/libdrivers__spi.a(spi_nrfx_spim.c.obj)
 .text.finish_transaction
                0x0000000000008d8e       0x22 zephyr/drivers/spi/libdrivers__spi.a(spi_nrfx_spim.c.obj)
 .text.event_clear
                0x0000000000008db0       0x18 zephyr/drivers/timer/libdrivers__timer.a(nrf_rtc_timer.c.obj)
 .text.sys_clock_cycle_get_32
                0x0000000000008dc8        0x8 zephyr/drivers/timer/libdrivers__timer.a(nrf_rtc_timer.c.obj)
                0x0000000000008dc8                sys_clock_cycle_get_32
 .text.hw_cc3xx_init_internal
                0x0000000000008dd0        0x4 modules/nrf/drivers/hw_cc3xx/lib..__nrf__drivers__hw_cc3xx.a(hw_cc3xx.c.obj)
 .text.hw_cc3xx_init
                0x0000000000008dd4       0x12 modules/nrf/drivers/hw_cc3xx/lib..__nrf__drivers__hw_cc3xx.a(hw_cc3xx.c.obj)
 .text.nrfx_isr
                0x0000000000008de6        0x2 modules/hal_nordic/modules/hal_nordic/nrfx/libmodules__hal_nordic__nrfx.a(nrfx_glue.c.obj)
                0x0000000000008de6                nrfx_isr
 .text.nrfx_busy_wait
                0x0000000000008de8        0x4 modules/hal_nordic/modules/hal_nordic/nrfx/libmodules__hal_nordic__nrfx.a(nrfx_glue.c.obj)
                0x0000000000008de8                nrfx_busy_wait
 .text.nrfx_gppi_channel_endpoints_setup
                0x0000000000008dec       0x14 modules/hal_nordic/modules/hal_nordic/nrfx/libmodules__hal_nordic__nrfx.a(nrfx_gppi_ppi.c.obj)
                0x0000000000008dec                nrfx_gppi_channel_endpoints_setup
 .text.nrfx_gppi_channel_alloc
                0x0000000000008e00        0x4 modules/hal_nordic/modules/hal_nordic/nrfx/libmodules__hal_nordic__nrfx.a(nrfx_gppi_ppi.c.obj)
                0x0000000000008e00                nrfx_gppi_channel_alloc
 .text.nrfx_clock_stop
                0x0000000000008e04        0x4 modules/hal_nordic/modules/hal_nordic/nrfx/libmodules__hal_nordic__nrfx.a(nrfx_clock.c.obj)
                0x0000000000008e04                nrfx_clock_stop
 .text.nrf_gpio_reconfigure
                0x0000000000008e08       0x92 modules/hal_nordic/modules/hal_nordic/nrfx/libmodules__hal_nordic__nrfx.a(nrfx_gpiote.c.obj)
 .text.nrf_gpio_cfg_sense_set
                0x0000000000008e9a       0x1e modules/hal_nordic/modules/hal_nordic/nrfx/libmodules__hal_nordic__nrfx.a(nrfx_gpiote.c.obj)
 .text.pin_in_event_get.isra.0
                0x0000000000008eb8       0x22 modules/hal_nordic/modules/hal_nordic/nrfx/libmodules__hal_nordic__nrfx.a(nrfx_gpiote.c.obj)
 .text.pin_trigger_disable
                0x0000000000008eda       0x48 modules/hal_nordic/modules/hal_nordic/nrfx/libmodules__hal_nordic__nrfx.a(nrfx_gpiote.c.obj)
 .text.nrfx_gpiote_pin_uninit
                0x0000000000008f22        0x4 modules/hal_nordic/modules/hal_nordic/nrfx/libmodules__hal_nordic__nrfx.a(nrfx_gpiote.c.obj)
                0x0000000000008f22                nrfx_gpiote_pin_uninit
 .text.nrfx_gpiote_trigger_disable
                0x0000000000008f26        0x4 modules/hal_nordic/modules/hal_nordic/nrfx/libmodules__hal_nordic__nrfx.a(nrfx_gpiote.c.obj)
                0x0000000000008f26                nrfx_gpiote_trigger_disable
 .text.nrfx_gpiote_in_event_get
                0x0000000000008f2a        0x6 modules/hal_nordic/modules/hal_nordic/nrfx/libmodules__hal_nordic__nrfx.a(nrfx_gpiote.c.obj)
                0x0000000000008f2a                nrfx_gpiote_in_event_get
 .text.nrf_gpio_pin_set
                0x0000000000008f30       0x1a modules/hal_nordic/modules/hal_nordic/nrfx/libmodules__hal_nordic__nrfx.a(nrfx_spi.c.obj)
 .text.nrf_gpio_pin_clear
                0x0000000000008f4a       0x1a modules/hal_nordic/modules/hal_nordic/nrfx/libmodules__hal_nordic__nrfx.a(nrfx_spi.c.obj)
 .text.transfer_byte
                0x0000000000008f64       0x66 modules/hal_nordic/modules/hal_nordic/nrfx/libmodules__hal_nordic__nrfx.a(nrfx_spi.c.obj)
 .text.__nrfy_internal_spim_event_handle
                0x0000000000008fca       0x2a modules/hal_nordic/modules/hal_nordic/nrfx/libmodules__hal_nordic__nrfx.a(nrfx_spim.c.obj)
 .text.__nrfy_internal_spim_events_process
                0x0000000000008ff4       0x7c modules/hal_nordic/modules/hal_nordic/nrfx/libmodules__hal_nordic__nrfx.a(nrfx_spim.c.obj)
 .text.nrf_gpio_pin_set
                0x0000000000009070       0x1a modules/hal_nordic/modules/hal_nordic/nrfx/libmodules__hal_nordic__nrfx.a(nrfx_spim.c.obj)
 .text.nrf_gpio_pin_clear
                0x000000000000908a       0x1a modules/hal_nordic/modules/hal_nordic/nrfx/libmodules__hal_nordic__nrfx.a(nrfx_spim.c.obj)
 .text.rtt_init
                0x00000000000090a4        0xa modules/segger/libmodules__segger.a(SEGGER_RTT_zephyr.c.obj)
 .text.zephyr_rtt_irq_lock
                0x00000000000090ae       0x10 modules/segger/libmodules__segger.a(SEGGER_RTT_zephyr.c.obj)
                0x00000000000090ae                zephyr_rtt_irq_lock
 .text.zephyr_rtt_irq_unlock
                0x00000000000090be        0xa modules/segger/libmodules__segger.a(SEGGER_RTT_zephyr.c.obj)
                0x00000000000090be                zephyr_rtt_irq_unlock
 .text.platform_st25r_spi_select
                0x00000000000090c8        0x2 modules/zephyr-st25r/lib..__..__..__ncs-inter__l7__l7_e1_sol__app__modules__zephyr__zephyr-st25r__zephyr.a(st25r_spi.c.obj)
                0x00000000000090c8                platform_st25r_spi_select
 .text.platform_st25r_spi_deselect
                0x00000000000090ca        0x6 modules/zephyr-st25r/lib..__..__..__ncs-inter__l7__l7_e1_sol__app__modules__zephyr__zephyr-st25r__zephyr.a(st25r_spi.c.obj)
                0x00000000000090ca                platform_st25r_spi_deselect
 .text.platform_st25r_spi_transceive
                0x00000000000090d0        0x6 modules/zephyr-st25r/lib..__..__..__ncs-inter__l7__l7_e1_sol__app__modules__zephyr__zephyr-st25r__zephyr.a(st25r_spi.c.obj)
                0x00000000000090d0                platform_st25r_spi_transceive
 .text.st25r_gpio_callback
                0x00000000000090d6       0x2a modules/zephyr-st25r/lib..__..__..__ncs-inter__l7__l7_e1_sol__app__modules__zephyr__zephyr-st25r__zephyr.a(st25r_trigger.c.obj)
 .text.st25r_work_cb
                0x0000000000009100       0x1c modules/zephyr-st25r/lib..__..__..__ncs-inter__l7__l7_e1_sol__app__modules__zephyr__zephyr-st25r__zephyr.a(st25r_trigger.c.obj)
 .text.st25r3916comStart
                0x000000000000911c        0xe modules/zephyr-st25r/st/st25r3916/lib..__..__..__ncs-inter__l7__l7_e1_sol__app__modules__zephyr__zephyr-st25r__zephyr__st__st25r3916.a(st25r3916_com.c.obj)
 .text.st25r3916comStop
                0x000000000000912a        0xe modules/zephyr-st25r/st/st25r3916/lib..__..__..__ncs-inter__l7__l7_e1_sol__app__modules__zephyr__zephyr-st25r__zephyr__st__st25r3916.a(st25r3916_com.c.obj)
 .text.st25r3916comTx.part.0
                0x0000000000009138        0x8 modules/zephyr-st25r/st/st25r3916/lib..__..__..__ncs-inter__l7__l7_e1_sol__app__modules__zephyr__zephyr-st25r__zephyr__st__st25r3916.a(st25r3916_com.c.obj)
 .text.st25r3916comRx.part.0
                0x0000000000009140       0x1e modules/zephyr-st25r/st/st25r3916/lib..__..__..__ncs-inter__l7__l7_e1_sol__app__modules__zephyr__zephyr-st25r__zephyr__st__st25r3916.a(st25r3916_com.c.obj)
 .text.st25r3916ReadMultipleRegisters.part.0
                0x000000000000915e       0x44 modules/zephyr-st25r/st/st25r3916/lib..__..__..__ncs-inter__l7__l7_e1_sol__app__modules__zephyr__zephyr-st25r__zephyr__st__st25r3916.a(st25r3916_com.c.obj)
 .text.st25r3916ReadMultipleRegisters
                0x00000000000091a2        0xc modules/zephyr-st25r/st/st25r3916/lib..__..__..__ncs-inter__l7__l7_e1_sol__app__modules__zephyr__zephyr-st25r__zephyr__st__st25r3916.a(st25r3916_com.c.obj)
                0x00000000000091a2                st25r3916ReadMultipleRegisters
 .text.st25r3916ledEvtIrq
                0x00000000000091ae        0x2 modules/zephyr-st25r/st/st25r3916/lib..__..__..__ncs-inter__l7__l7_e1_sol__app__modules__zephyr__zephyr-st25r__zephyr__st__st25r3916.a(st25r3916_led.c.obj)
                0x00000000000091ae                st25r3916ledEvtIrq
 .text.z_impl_k_busy_wait
                0x00000000000091b0        0x8 zephyr/kernel/libkernel.a(busy_wait.c.obj)
                0x00000000000091b0                z_impl_k_busy_wait
 .text.z_device_state_init
                0x00000000000091b8        0x2 zephyr/kernel/libkernel.a(device.c.obj)
                0x00000000000091b8                z_device_state_init
 .text.z_impl_device_is_ready
                0x00000000000091ba       0x16 zephyr/kernel/libkernel.a(device.c.obj)
                0x00000000000091ba                z_impl_device_is_ready
 .text.arch_system_halt
                0x00000000000091d0       0x10 zephyr/kernel/libkernel.a(fatal.c.obj)
                0x00000000000091d0                arch_system_halt
 .text.do_device_init
                0x00000000000091e0       0x30 zephyr/kernel/libkernel.a(init.c.obj)
 .text.z_early_memset
                0x0000000000009210        0x4 zephyr/kernel/libkernel.a(init.c.obj)
                0x0000000000009210                z_early_memset
 .text.z_early_memcpy
                0x0000000000009214        0x4 zephyr/kernel/libkernel.a(init.c.obj)
                0x0000000000009214                z_early_memcpy
 .text.z_init_static
                0x0000000000009218        0x2 zephyr/kernel/libkernel.a(init_static.c.obj)
                0x0000000000009218                z_init_static
 .text.create_free_list
                0x000000000000921a       0x34 zephyr/kernel/libkernel.a(mem_slab.c.obj)
 .text.k_mem_slab_init
                0x000000000000924e       0x1c zephyr/kernel/libkernel.a(mem_slab.c.obj)
                0x000000000000924e                k_mem_slab_init
 .text.k_mem_slab_free
                0x000000000000926a       0x6e zephyr/kernel/libkernel.a(mem_slab.c.obj)
                0x000000000000926a                k_mem_slab_free
 .text.idle     0x00000000000092d8       0x16 zephyr/kernel/libkernel.a(idle.c.obj)
                0x00000000000092d8                idle
 .text.adjust_owner_prio.isra.0
                0x00000000000092ee       0x10 zephyr/kernel/libkernel.a(mutex.c.obj)
 .text.z_impl_k_mutex_init
                0x00000000000092fe        0xe zephyr/kernel/libkernel.a(mutex.c.obj)
                0x00000000000092fe                z_impl_k_mutex_init
 .text.z_impl_k_sem_init
                0x000000000000930c       0x18 zephyr/kernel/libkernel.a(sem.c.obj)
                0x000000000000930c                z_impl_k_sem_init
 .text.flag_test_and_clear
                0x0000000000009324       0x16 zephyr/kernel/libkernel.a(work.c.obj)
 .text.notify_queue_locked.isra.0
                0x000000000000933a        0xe zephyr/kernel/libkernel.a(work.c.obj)
 .text.z_work_submit_to_queue
                0x0000000000009348       0x26 zephyr/kernel/libkernel.a(work.c.obj)
                0x0000000000009348                z_work_submit_to_queue
 .text.k_work_submit_to_queue
                0x000000000000936e       0x20 zephyr/kernel/libkernel.a(work.c.obj)
                0x000000000000936e                k_work_submit_to_queue
 .text.k_is_in_isr
                0x000000000000938e        0xc zephyr/kernel/libkernel.a(thread.c.obj)
                0x000000000000938e                k_is_in_isr
 .text.z_impl_k_thread_name_set
                0x000000000000939a        0x6 zephyr/kernel/libkernel.a(thread.c.obj)
                0x000000000000939a                z_impl_k_thread_name_set
 .text.k_thread_name_get
                0x00000000000093a0        0x4 zephyr/kernel/libkernel.a(thread.c.obj)
                0x00000000000093a0                k_thread_name_get
 .text.sys_dlist_remove
                0x00000000000093a4       0x10 zephyr/kernel/libkernel.a(sched.c.obj)
 .text.unpend_thread_no_timeout
                0x00000000000093b4       0x14 zephyr/kernel/libkernel.a(sched.c.obj)
 .text.add_to_waitq_locked
                0x00000000000093c8       0x50 zephyr/kernel/libkernel.a(sched.c.obj)
 .text.z_ready_thread
                0x0000000000009418       0x1e zephyr/kernel/libkernel.a(sched.c.obj)
                0x0000000000009418                z_ready_thread
 .text.z_unpend_thread_no_timeout
                0x0000000000009436       0x22 zephyr/kernel/libkernel.a(sched.c.obj)
                0x0000000000009436                z_unpend_thread_no_timeout
 .text.z_sched_wake_thread
                0x0000000000009458       0x3a zephyr/kernel/libkernel.a(sched.c.obj)
                0x0000000000009458                z_sched_wake_thread
 .text.z_thread_timeout
                0x0000000000009492        0x8 zephyr/kernel/libkernel.a(sched.c.obj)
                0x0000000000009492                z_thread_timeout
 .text.z_unpend1_no_timeout
                0x000000000000949a       0x2c zephyr/kernel/libkernel.a(sched.c.obj)
                0x000000000000949a                z_unpend1_no_timeout
 .text.z_impl_k_sleep
                0x00000000000094c6       0x32 zephyr/kernel/libkernel.a(sched.c.obj)
                0x00000000000094c6                z_impl_k_sleep
 .text.z_sched_wake
                0x00000000000094f8       0x44 zephyr/kernel/libkernel.a(sched.c.obj)
                0x00000000000094f8                z_sched_wake
 .text.next_timeout
                0x000000000000953c       0x32 zephyr/kernel/libkernel.a(timeout.c.obj)
 .text.z_abort_timeout
                0x000000000000956e       0x42 zephyr/kernel/libkernel.a(timeout.c.obj)
                0x000000000000956e                z_abort_timeout
 .text.sys_clock_tick_get_32
                0x00000000000095b0        0x8 zephyr/kernel/libkernel.a(timeout.c.obj)
                0x00000000000095b0                sys_clock_tick_get_32
 .text.z_impl_k_uptime_ticks
                0x00000000000095b8        0x4 zephyr/kernel/libkernel.a(timeout.c.obj)
                0x00000000000095b8                z_impl_k_uptime_ticks
 .text.k_timer_init
                0x00000000000095bc       0x18 zephyr/kernel/libkernel.a(timer.c.obj)
                0x00000000000095bc                k_timer_init
 .text.z_impl_k_timer_stop
                0x00000000000095d4       0x38 zephyr/kernel/libkernel.a(timer.c.obj)
                0x00000000000095d4                z_impl_k_timer_stop
 .text.memcpy   0x000000000000960c       0x1c c:\ncs\toolchains\0b393f9e1b\opt\zephyr-sdk\arm-zephyr-eabi\bin\../lib/gcc/../../picolibc/arm-zephyr-eabi/lib/thumb/v7e-m/nofp\libc.a(memcpy.c.o)
                0x000000000000960c                __aeabi_memcpy
                0x000000000000960c                __aeabi_memcpy4
                0x000000000000960c                __aeabi_memcpy8
                0x000000000000960c                memcpy
 .text.memset   0x0000000000009628       0x10 c:\ncs\toolchains\0b393f9e1b\opt\zephyr-sdk\arm-zephyr-eabi\bin\../lib/gcc/../../picolibc/arm-zephyr-eabi/lib/thumb/v7e-m/nofp\libc.a(memset.c.o)
                0x0000000000009628                memset
 .text.strnlen  0x0000000000009638       0x18 c:\ncs\toolchains\0b393f9e1b\opt\zephyr-sdk\arm-zephyr-eabi\bin\../lib/gcc/../../picolibc/arm-zephyr-eabi/lib/thumb/v7e-m/nofp\libc.a(libc_string_strnlen.c.o)
                0x0000000000009638                strnlen
 .text.__ultoa_invert
                0x0000000000009650       0xae c:\ncs\toolchains\0b393f9e1b\opt\zephyr-sdk\arm-zephyr-eabi\bin\../lib/gcc/../../picolibc/arm-zephyr-eabi/lib/thumb/v7e-m/nofp\libc.a(libc_tinystdio_vflprintf.c.o)
 .text.__file_str_put
                0x00000000000096fe       0x10 c:\ncs\toolchains\0b393f9e1b\opt\zephyr-sdk\arm-zephyr-eabi\bin\../lib/gcc/../../picolibc/arm-zephyr-eabi/lib/thumb/v7e-m/nofp\libc.a(libc_tinystdio_filestrput.c.o)
                0x00000000000096fe                __file_str_put
 *(SORT_BY_ALIGNMENT(.TEXT.*))
 *fill*         0x000000000000970e        0x2 
 .TEXT.__aeabi_read_tp
                0x0000000000009710        0xc zephyr/arch/arch/arm/core/cortex_m/libarch__arm__core__cortex_m.a(__aeabi_read_tp.S.obj)
                0x0000000000009710                __aeabi_read_tp
 *(SORT_BY_ALIGNMENT(.gnu.linkonce.t.*))
 *(SORT_BY_ALIGNMENT(.glue_7t))
 .glue_7t       0x000000000000971c        0x0 linker stubs
 *(SORT_BY_ALIGNMENT(.glue_7))
 .glue_7        0x000000000000971c        0x0 linker stubs
 *(SORT_BY_ALIGNMENT(.vfp11_veneer))
 .vfp11_veneer  0x000000000000971c        0x0 linker stubs
 *(SORT_BY_ALIGNMENT(.v4_bx))
 .v4_bx         0x000000000000971c        0x0 linker stubs
                0x000000000000971c                . = ALIGN (0x4)
                0x000000000000971c                __text_region_end = .

.ARM.exidx      0x000000000000971c        0x8
                0x000000000000971c                __exidx_start = .
 *(SORT_BY_ALIGNMENT(.ARM.exidx*) SORT_BY_ALIGNMENT(gnu.linkonce.armexidx.*))
 .ARM.exidx     0x000000000000971c        0x8 c:\ncs\toolchains\0b393f9e1b\opt\zephyr-sdk\arm-zephyr-eabi\bin\../lib/gcc/../../picolibc/arm-zephyr-eabi/lib/thumb/v7e-m/nofp\libc.a(strlen.S.o)
 .ARM.exidx     0x0000000000009724        0x0 c:/ncs/toolchains/0b393f9e1b/opt/zephyr-sdk/arm-zephyr-eabi/bin/../lib/gcc/arm-zephyr-eabi/12.2.0/thumb/v7e-m/nofp\libgcc.a(_udivmoddi4.o)
                                          0x8 (size before relaxing)
                0x0000000000009724                __exidx_end = .
                0x0000000000009724                __rodata_region_start = .

initlevel       0x0000000000009724       0x88
                0x0000000000009724                __init_start = .
                0x0000000000009724                __init_EARLY_start = .
 *(SORT_BY_NAME(SORT_BY_ALIGNMENT(.z_init_EARLY?_*)))
 *(SORT_BY_NAME(SORT_BY_ALIGNMENT(.z_init_EARLY??_*)))
                0x0000000000009724                __init_PRE_KERNEL_1_start = .
 *(SORT_BY_NAME(SORT_BY_ALIGNMENT(.z_init_PRE_KERNEL_1?_*)))
 .z_init_PRE_KERNEL_10_0_
                0x0000000000009724        0x8 zephyr/soc/soc/nrf52840/libsoc__nordic.a(soc.c.obj)
 *(SORT_BY_NAME(SORT_BY_ALIGNMENT(.z_init_PRE_KERNEL_1??_*)))
 .z_init_PRE_KERNEL_130_00075_
                0x000000000000972c        0x8 zephyr/drivers/clock_control/libdrivers__clock_control.a(clock_control_nrf.c.obj)
 .z_init_PRE_KERNEL_130_0_
                0x0000000000009734        0x8 modules/segger/libmodules__segger.a(SEGGER_RTT_zephyr.c.obj)
 .z_init_PRE_KERNEL_130_0_
                0x000000000000973c        0x8 zephyr/kernel/libkernel.a(mem_slab.c.obj)
 .z_init_PRE_KERNEL_140_00011_
                0x0000000000009744        0x8 zephyr/drivers/gpio/libdrivers__gpio.a(gpio_nrfx.c.obj)
 .z_init_PRE_KERNEL_140_00134_
                0x000000000000974c        0x8 zephyr/drivers/gpio/libdrivers__gpio.a(gpio_nrfx.c.obj)
 .z_init_PRE_KERNEL_140_0_
                0x0000000000009754        0x8 modules/nrf/drivers/hw_cc3xx/lib..__nrf__drivers__hw_cc3xx.a(hw_cc3xx.c.obj)
 .z_init_PRE_KERNEL_150_00111_
                0x000000000000975c        0x8 zephyr/drivers/serial/libdrivers__serial.a(uart_nrfx_uarte.c.obj)
 .z_init_PRE_KERNEL_160_0_
                0x0000000000009764        0x8 zephyr/drivers/console/libdrivers__console.a(uart_console.c.obj)
                0x000000000000976c                __init_PRE_KERNEL_2_start = .
 *(SORT_BY_NAME(SORT_BY_ALIGNMENT(.z_init_PRE_KERNEL_2?_*)))
 .z_init_PRE_KERNEL_20_0_
                0x000000000000976c        0x8 zephyr/drivers/timer/libdrivers__timer.a(nrf_rtc_timer.c.obj)
 *(SORT_BY_NAME(SORT_BY_ALIGNMENT(.z_init_PRE_KERNEL_2??_*)))
                0x0000000000009774                __init_POST_KERNEL_start = .
 *(SORT_BY_NAME(SORT_BY_ALIGNMENT(.z_init_POST_KERNEL?_*)))
 .z_init_POST_KERNEL0_0_
                0x0000000000009774        0x8 zephyr/libzephyr.a(log_core.c.obj)
 *(SORT_BY_NAME(SORT_BY_ALIGNMENT(.z_init_POST_KERNEL??_*)))
 .z_init_POST_KERNEL35_0_
                0x000000000000977c        0x8 zephyr/lib/libc/common/liblib__libc__common.a(malloc.c.obj)
 .z_init_POST_KERNEL40_0_
                0x0000000000009784        0x8 modules/nrf/drivers/hw_cc3xx/lib..__nrf__drivers__hw_cc3xx.a(hw_cc3xx.c.obj)
 .z_init_POST_KERNEL40_0_
                0x000000000000978c        0x8 zephyr/kernel/libkernel.a(system_work_q.c.obj)
 .z_init_POST_KERNEL50_00103_
                0x0000000000009794        0x8 zephyr/drivers/spi/libdrivers__spi.a(spi_nrfx_spi.c.obj)
 .z_init_POST_KERNEL50_00135_
                0x000000000000979c        0x8 zephyr/drivers/spi/libdrivers__spi.a(spi_nrfx_spim.c.obj)
 .z_init_POST_KERNEL90_00136_
                0x00000000000097a4        0x8 modules/zephyr-st25r/lib..__..__..__ncs-inter__l7__l7_e1_sol__app__modules__zephyr__zephyr-st25r__zephyr.a(st25r.c.obj)
                0x00000000000097ac                __init_APPLICATION_start = .
 *(SORT_BY_NAME(SORT_BY_ALIGNMENT(.z_init_APPLICATION?_*)))
 *(SORT_BY_NAME(SORT_BY_ALIGNMENT(.z_init_APPLICATION??_*)))
                0x00000000000097ac                __init_SMP_start = .
 *(SORT_BY_NAME(SORT_BY_ALIGNMENT(.z_init_SMP?_*)))
 *(SORT_BY_NAME(SORT_BY_ALIGNMENT(.z_init_SMP??_*)))
                0x00000000000097ac                __init_end = .
                0x00000000000097ac                __deferred_init_list_start = .
 *(SORT_BY_ALIGNMENT(.z_deferred_init*))
                0x00000000000097ac                __deferred_init_list_end = .

device_area     0x00000000000097ac       0x8c
                0x00000000000097ac                _device_list_start = .
 *(SORT_BY_NAME(SORT_BY_ALIGNMENT(._device.static.*_?_*)))
 *(SORT_BY_NAME(SORT_BY_ALIGNMENT(._device.static.*_??_*)))
 ._device.static.1_30_
                0x00000000000097ac       0x14 zephyr/drivers/clock_control/libdrivers__clock_control.a(clock_control_nrf.c.obj)
                0x00000000000097ac                __device_dts_ord_75
 ._device.static.1_40_
                0x00000000000097c0       0x28 zephyr/drivers/gpio/libdrivers__gpio.a(gpio_nrfx.c.obj)
                0x00000000000097c0                __device_dts_ord_134
                0x00000000000097d4                __device_dts_ord_11
 ._device.static.1_50_
                0x00000000000097e8       0x14 zephyr/drivers/serial/libdrivers__serial.a(uart_nrfx_uarte.c.obj)
                0x00000000000097e8                __device_dts_ord_111
 ._device.static.3_50_
                0x00000000000097fc       0x14 zephyr/drivers/spi/libdrivers__spi.a(spi_nrfx_spi.c.obj)
                0x00000000000097fc                __device_dts_ord_103
 ._device.static.3_50_
                0x0000000000009810       0x14 zephyr/drivers/spi/libdrivers__spi.a(spi_nrfx_spim.c.obj)
                0x0000000000009810                __device_dts_ord_135
 ._device.static.3_90_
                0x0000000000009824       0x14 modules/zephyr-st25r/lib..__..__..__ncs-inter__l7__l7_e1_sol__app__modules__zephyr__zephyr-st25r__zephyr.a(st25r.c.obj)
                0x0000000000009824                __device_dts_ord_136
                0x0000000000009838                _device_list_end = .

sw_isr_table    0x0000000000009838      0x180
                0x0000000000009838                . = ALIGN (0x4)
 *(SORT_BY_ALIGNMENT(.gnu.linkonce.sw_isr_table*))
 .gnu.linkonce.sw_isr_table
                0x0000000000009838      0x180 zephyr/CMakeFiles/zephyr_final.dir/isr_tables.c.obj
                0x0000000000009838                _sw_isr_table

initlevel_error
                0x0000000000009724        0x0
 *(SORT_BY_NAME(SORT_BY_ALIGNMENT(.z_init_[_A-Z0-9]*)))
                0x0000000000000001                ASSERT ((SIZEOF (initlevel_error) == 0x0), Undefined initialization levels used.)

app_shmem_regions
                0x00000000000099b8        0x0
                0x00000000000099b8                __app_shmem_regions_start = .
 *(SORT_BY_NAME(SORT_BY_ALIGNMENT(.app_regions.*)))